The target system is: Linux -  - aarch64
The host system is: Linux - 6.8.0-110-generic - x86_64
Compiling the C compiler identification source file "CMakeCCompilerId.c" succeeded.
Compiler: /home/a0500327/arm-toolchain/arm-gnu-toolchain-11.3.rel1-x86_64-aarch64-none-linux-gnu/bin/aarch64-none-linux-gnu-gcc 
Build flags: 
Id flags:  

The output was:
0


Compilation of the C compiler identification source "CMakeCCompilerId.c" produced "a.out"

The C compiler identification is GNU, found in "/home/a0500327/Documents/rtc-testbench/RTC-Testbench/aarch64-build/CMakeFiles/3.22.1/CompilerIdC/a.out"

Compiling the CXX compiler identification source file "CMakeCXXCompilerId.cpp" succeeded.
Compiler: /home/a0500327/arm-toolchain/arm-gnu-toolchain-11.3.rel1-x86_64-aarch64-none-linux-gnu/bin/aarch64-none-linux-gnu-c++ 
Build flags: 
Id flags:  

The output was:
0


Compilation of the CXX compiler identification source "CMakeCXXCompilerId.cpp" produced "a.out"

The CXX compiler identification is GNU, found in "/home/a0500327/Documents/rtc-testbench/RTC-Testbench/aarch64-build/CMakeFiles/3.22.1/CompilerIdCXX/a.out"

Detecting C compiler ABI info compiled with the following output:
Change Dir: /home/a0500327/Documents/rtc-testbench/RTC-Testbench/aarch64-build/CMakeFiles/CMakeTmp

Run Build Command(s):/usr/bin/gmake -f Makefile cmTC_be94c/fast && /usr/bin/gmake  -f CMakeFiles/cmTC_be94c.dir/build.make CMakeFiles/cmTC_be94c.dir/build
gmake[1]: Entering directory '/home/a0500327/Documents/rtc-testbench/RTC-Testbench/aarch64-build/CMakeFiles/CMakeTmp'
Building C object CMakeFiles/cmTC_be94c.dir/CMakeCCompilerABI.c.o
/home/a0500327/arm-toolchain/arm-gnu-toolchain-11.3.rel1-x86_64-aarch64-none-linux-gnu/bin/aarch64-none-linux-gnu-gcc   -v -o CMakeFiles/cmTC_be94c.dir/CMakeCCompilerABI.c.o -c /usr/share/cmake-3.22/Modules/CMakeCCompilerABI.c
Using built-in specs.
COLLECT_GCC=/home/a0500327/arm-toolchain/arm-gnu-toolchain-11.3.rel1-x86_64-aarch64-none-linux-gnu/bin/aarch64-none-linux-gnu-gcc
Target: aarch64-none-linux-gnu
Configured with: /data/jenkins/workspace/GNU-toolchain/arm-11/src/gcc/configure --target=aarch64-none-linux-gnu --prefix= --with-sysroot=/aarch64-none-linux-gnu/libc --with-build-sysroot=/data/jenkins/workspace/GNU-toolchain/arm-11/build-aarch64-none-linux-gnu/install//aarch64-none-linux-gnu/libc --with-bugurl=https://bugs.linaro.org/ --enable-gnu-indirect-function --enable-shared --disable-libssp --disable-libmudflap --enable-checking=release --enable-languages=c,c++,fortran --with-gmp=/data/jenkins/workspace/GNU-toolchain/arm-11/build-aarch64-none-linux-gnu/host-tools --with-mpfr=/data/jenkins/workspace/GNU-toolchain/arm-11/build-aarch64-none-linux-gnu/host-tools --with-mpc=/data/jenkins/workspace/GNU-toolchain/arm-11/build-aarch64-none-linux-gnu/host-tools --with-isl=/data/jenkins/workspace/GNU-toolchain/arm-11/build-aarch64-none-linux-gnu/host-tools --enable-fix-cortex-a53-843419 --with-pkgversion='Arm GNU Toolchain 11.3.Rel1'
Thread model: posix
Supported LTO compression algorithms: zlib
gcc version 11.3.1 20220712 (Arm GNU Toolchain 11.3.Rel1) 
COLLECT_GCC_OPTIONS='-v' '-o' 'CMakeFiles/cmTC_be94c.dir/CMakeCCompilerABI.c.o' '-c' '-mlittle-endian' '-mabi=lp64' '-dumpdir' 'CMakeFiles/cmTC_be94c.dir/'
 /home/a0500327/arm-toolchain/arm-gnu-toolchain-11.3.rel1-x86_64-aarch64-none-linux-gnu/bin/../libexec/gcc/aarch64-none-linux-gnu/11.3.1/cc1 -quiet -v -iprefix /home/a0500327/arm-toolchain/arm-gnu-toolchain-11.3.rel1-x86_64-aarch64-none-linux-gnu/bin/../lib/gcc/aarch64-none-linux-gnu/11.3.1/ -isysroot /home/a0500327/arm-toolchain/arm-gnu-toolchain-11.3.rel1-x86_64-aarch64-none-linux-gnu/bin/../aarch64-none-linux-gnu/libc /usr/share/cmake-3.22/Modules/CMakeCCompilerABI.c -quiet -dumpdir CMakeFiles/cmTC_be94c.dir/ -dumpbase CMakeCCompilerABI.c.c -dumpbase-ext .c -mlittle-endian -mabi=lp64 -version -o /tmp/ccGdPjMI.s
GNU C17 (Arm GNU Toolchain 11.3.Rel1) version 11.3.1 20220712 (aarch64-none-linux-gnu)
	compiled by GNU C version 4.8.5 20150623 (Red Hat 4.8.5-44), GMP version 6.2.1, MPFR version 3.1.6, MPC version 1.0.3, isl version isl-0.15-1-g835ea3a-GMP

GGC heuristics: --param ggc-min-expand=100 --param ggc-min-heapsize=131072
ignoring duplicate directory "/home/a0500327/arm-toolchain/arm-gnu-toolchain-11.3.rel1-x86_64-aarch64-none-linux-gnu/bin/../lib/gcc/../../lib/gcc/aarch64-none-linux-gnu/11.3.1/include"
ignoring nonexistent directory "/home/a0500327/arm-toolchain/arm-gnu-toolchain-11.3.rel1-x86_64-aarch64-none-linux-gnu/bin/../aarch64-none-linux-gnu/libc/usr/local/include"
ignoring duplicate directory "/home/a0500327/arm-toolchain/arm-gnu-toolchain-11.3.rel1-x86_64-aarch64-none-linux-gnu/bin/../lib/gcc/../../lib/gcc/aarch64-none-linux-gnu/11.3.1/include-fixed"
ignoring duplicate directory "/home/a0500327/arm-toolchain/arm-gnu-toolchain-11.3.rel1-x86_64-aarch64-none-linux-gnu/bin/../lib/gcc/../../lib/gcc/aarch64-none-linux-gnu/11.3.1/../../../../aarch64-none-linux-gnu/include"
#include "..." search starts here:
#include <...> search starts here:
 /home/a0500327/arm-toolchain/arm-gnu-toolchain-11.3.rel1-x86_64-aarch64-none-linux-gnu/bin/../lib/gcc/aarch64-none-linux-gnu/11.3.1/include
 /home/a0500327/arm-toolchain/arm-gnu-toolchain-11.3.rel1-x86_64-aarch64-none-linux-gnu/bin/../lib/gcc/aarch64-none-linux-gnu/11.3.1/include-fixed
 /home/a0500327/arm-toolchain/arm-gnu-toolchain-11.3.rel1-x86_64-aarch64-none-linux-gnu/bin/../lib/gcc/aarch64-none-linux-gnu/11.3.1/../../../../aarch64-none-linux-gnu/include
 /home/a0500327/arm-toolchain/arm-gnu-toolchain-11.3.rel1-x86_64-aarch64-none-linux-gnu/bin/../aarch64-none-linux-gnu/libc/usr/include
End of search list.
GNU C17 (Arm GNU Toolchain 11.3.Rel1) version 11.3.1 20220712 (aarch64-none-linux-gnu)
	compiled by GNU C version 4.8.5 20150623 (Red Hat 4.8.5-44), GMP version 6.2.1, MPFR version 3.1.6, MPC version 1.0.3, isl version isl-0.15-1-g835ea3a-GMP

GGC heuristics: --param ggc-min-expand=100 --param ggc-min-heapsize=131072
Compiler executable checksum: b92c0cf4161aaea5a5b671aa43faf60e
COLLECT_GCC_OPTIONS='-v' '-o' 'CMakeFiles/cmTC_be94c.dir/CMakeCCompilerABI.c.o' '-c' '-mlittle-endian' '-mabi=lp64' '-dumpdir' 'CMakeFiles/cmTC_be94c.dir/'
 /home/a0500327/arm-toolchain/arm-gnu-toolchain-11.3.rel1-x86_64-aarch64-none-linux-gnu/bin/../lib/gcc/aarch64-none-linux-gnu/11.3.1/../../../../aarch64-none-linux-gnu/bin/as -v -EL -mabi=lp64 -o CMakeFiles/cmTC_be94c.dir/CMakeCCompilerABI.c.o /tmp/ccGdPjMI.s
GNU assembler version 2.38 (aarch64-none-linux-gnu) using BFD version (Arm GNU Toolchain 11.3.Rel1) 2.38.20220708
COMPILER_PATH=/home/a0500327/arm-toolchain/arm-gnu-toolchain-11.3.rel1-x86_64-aarch64-none-linux-gnu/bin/../libexec/gcc/aarch64-none-linux-gnu/11.3.1/:/home/a0500327/arm-toolchain/arm-gnu-toolchain-11.3.rel1-x86_64-aarch64-none-linux-gnu/bin/../libexec/gcc/:/home/a0500327/arm-toolchain/arm-gnu-toolchain-11.3.rel1-x86_64-aarch64-none-linux-gnu/bin/../lib/gcc/aarch64-none-linux-gnu/11.3.1/../../../../aarch64-none-linux-gnu/bin/
LIBRARY_PATH=/home/a0500327/arm-toolchain/arm-gnu-toolchain-11.3.rel1-x86_64-aarch64-none-linux-gnu/bin/../lib/gcc/aarch64-none-linux-gnu/11.3.1/:/home/a0500327/arm-toolchain/arm-gnu-toolchain-11.3.rel1-x86_64-aarch64-none-linux-gnu/bin/../lib/gcc/:/home/a0500327/arm-toolchain/arm-gnu-toolchain-11.3.rel1-x86_64-aarch64-none-linux-gnu/bin/../lib/gcc/aarch64-none-linux-gnu/11.3.1/../../../../aarch64-none-linux-gnu/lib/../lib64/:/home/a0500327/arm-toolchain/arm-gnu-toolchain-11.3.rel1-x86_64-aarch64-none-linux-gnu/bin/../aarch64-none-linux-gnu/libc/lib/../lib64/:/home/a0500327/arm-toolchain/arm-gnu-toolchain-11.3.rel1-x86_64-aarch64-none-linux-gnu/bin/../aarch64-none-linux-gnu/libc/usr/lib/../lib64/:/home/a0500327/arm-toolchain/arm-gnu-toolchain-11.3.rel1-x86_64-aarch64-none-linux-gnu/bin/../lib/gcc/aarch64-none-linux-gnu/11.3.1/../../../../aarch64-none-linux-gnu/lib/:/home/a0500327/arm-toolchain/arm-gnu-toolchain-11.3.rel1-x86_64-aarch64-none-linux-gnu/bin/../aarch64-none-linux-gnu/libc/lib/:/home/a0500327/arm-toolchain/arm-gnu-toolchain-11.3.rel1-x86_64-aarch64-none-linux-gnu/bin/../aarch64-none-linux-gnu/libc/usr/lib/
COLLECT_GCC_OPTIONS='-v' '-o' 'CMakeFiles/cmTC_be94c.dir/CMakeCCompilerABI.c.o' '-c' '-mlittle-endian' '-mabi=lp64' '-dumpdir' 'CMakeFiles/cmTC_be94c.dir/CMakeCCompilerABI.c.'
Linking C executable cmTC_be94c
/usr/bin/cmake -E cmake_link_script CMakeFiles/cmTC_be94c.dir/link.txt --verbose=1
/home/a0500327/arm-toolchain/arm-gnu-toolchain-11.3.rel1-x86_64-aarch64-none-linux-gnu/bin/aarch64-none-linux-gnu-gcc  -v CMakeFiles/cmTC_be94c.dir/CMakeCCompilerABI.c.o -o cmTC_be94c 
Using built-in specs.
COLLECT_GCC=/home/a0500327/arm-toolchain/arm-gnu-toolchain-11.3.rel1-x86_64-aarch64-none-linux-gnu/bin/aarch64-none-linux-gnu-gcc
COLLECT_LTO_WRAPPER=/home/a0500327/arm-toolchain/arm-gnu-toolchain-11.3.rel1-x86_64-aarch64-none-linux-gnu/bin/../libexec/gcc/aarch64-none-linux-gnu/11.3.1/lto-wrapper
Target: aarch64-none-linux-gnu
Configured with: /data/jenkins/workspace/GNU-toolchain/arm-11/src/gcc/configure --target=aarch64-none-linux-gnu --prefix= --with-sysroot=/aarch64-none-linux-gnu/libc --with-build-sysroot=/data/jenkins/workspace/GNU-toolchain/arm-11/build-aarch64-none-linux-gnu/install//aarch64-none-linux-gnu/libc --with-bugurl=https://bugs.linaro.org/ --enable-gnu-indirect-function --enable-shared --disable-libssp --disable-libmudflap --enable-checking=release --enable-languages=c,c++,fortran --with-gmp=/data/jenkins/workspace/GNU-toolchain/arm-11/build-aarch64-none-linux-gnu/host-tools --with-mpfr=/data/jenkins/workspace/GNU-toolchain/arm-11/build-aarch64-none-linux-gnu/host-tools --with-mpc=/data/jenkins/workspace/GNU-toolchain/arm-11/build-aarch64-none-linux-gnu/host-tools --with-isl=/data/jenkins/workspace/GNU-toolchain/arm-11/build-aarch64-none-linux-gnu/host-tools --enable-fix-cortex-a53-843419 --with-pkgversion='Arm GNU Toolchain 11.3.Rel1'
Thread model: posix
Supported LTO compression algorithms: zlib
gcc version 11.3.1 20220712 (Arm GNU Toolchain 11.3.Rel1) 
COMPILER_PATH=/home/a0500327/arm-toolchain/arm-gnu-toolchain-11.3.rel1-x86_64-aarch64-none-linux-gnu/bin/../libexec/gcc/aarch64-none-linux-gnu/11.3.1/:/home/a0500327/arm-toolchain/arm-gnu-toolchain-11.3.rel1-x86_64-aarch64-none-linux-gnu/bin/../libexec/gcc/:/home/a0500327/arm-toolchain/arm-gnu-toolchain-11.3.rel1-x86_64-aarch64-none-linux-gnu/bin/../lib/gcc/aarch64-none-linux-gnu/11.3.1/../../../../aarch64-none-linux-gnu/bin/
LIBRARY_PATH=/home/a0500327/arm-toolchain/arm-gnu-toolchain-11.3.rel1-x86_64-aarch64-none-linux-gnu/bin/../lib/gcc/aarch64-none-linux-gnu/11.3.1/:/home/a0500327/arm-toolchain/arm-gnu-toolchain-11.3.rel1-x86_64-aarch64-none-linux-gnu/bin/../lib/gcc/:/home/a0500327/arm-toolchain/arm-gnu-toolchain-11.3.rel1-x86_64-aarch64-none-linux-gnu/bin/../lib/gcc/aarch64-none-linux-gnu/11.3.1/../../../../aarch64-none-linux-gnu/lib/../lib64/:/home/a0500327/arm-toolchain/arm-gnu-toolchain-11.3.rel1-x86_64-aarch64-none-linux-gnu/bin/../aarch64-none-linux-gnu/libc/lib/../lib64/:/home/a0500327/arm-toolchain/arm-gnu-toolchain-11.3.rel1-x86_64-aarch64-none-linux-gnu/bin/../aarch64-none-linux-gnu/libc/usr/lib/../lib64/:/home/a0500327/arm-toolchain/arm-gnu-toolchain-11.3.rel1-x86_64-aarch64-none-linux-gnu/bin/../lib/gcc/aarch64-none-linux-gnu/11.3.1/../../../../aarch64-none-linux-gnu/lib/:/home/a0500327/arm-toolchain/arm-gnu-toolchain-11.3.rel1-x86_64-aarch64-none-linux-gnu/bin/../aarch64-none-linux-gnu/libc/lib/:/home/a0500327/arm-toolchain/arm-gnu-toolchain-11.3.rel1-x86_64-aarch64-none-linux-gnu/bin/../aarch64-none-linux-gnu/libc/usr/lib/
COLLECT_GCC_OPTIONS='-v' '-o' 'cmTC_be94c' '-mlittle-endian' '-mabi=lp64' '-dumpdir' 'cmTC_be94c.'
 /home/a0500327/arm-toolchain/arm-gnu-toolchain-11.3.rel1-x86_64-aarch64-none-linux-gnu/bin/../libexec/gcc/aarch64-none-linux-gnu/11.3.1/collect2 -plugin /home/a0500327/arm-toolchain/arm-gnu-toolchain-11.3.rel1-x86_64-aarch64-none-linux-gnu/bin/../libexec/gcc/aarch64-none-linux-gnu/11.3.1/liblto_plugin.so -plugin-opt=/home/a0500327/arm-toolchain/arm-gnu-toolchain-11.3.rel1-x86_64-aarch64-none-linux-gnu/bin/../libexec/gcc/aarch64-none-linux-gnu/11.3.1/lto-wrapper -plugin-opt=-fresolution=/tmp/cc09efHP.res -plugin-opt=-pass-through=-lgcc -plugin-opt=-pass-through=-lgcc_s -plugin-opt=-pass-through=-lc -plugin-opt=-pass-through=-lgcc -plugin-opt=-pass-through=-lgcc_s --sysroot=/home/a0500327/arm-toolchain/arm-gnu-toolchain-11.3.rel1-x86_64-aarch64-none-linux-gnu/bin/../aarch64-none-linux-gnu/libc --eh-frame-hdr -dynamic-linker /lib/ld-linux-aarch64.so.1 -X -EL -maarch64linux --fix-cortex-a53-843419 -o cmTC_be94c /home/a0500327/arm-toolchain/arm-gnu-toolchain-11.3.rel1-x86_64-aarch64-none-linux-gnu/bin/../aarch64-none-linux-gnu/libc/usr/lib/../lib64/crt1.o /home/a0500327/arm-toolchain/arm-gnu-toolchain-11.3.rel1-x86_64-aarch64-none-linux-gnu/bin/../aarch64-none-linux-gnu/libc/usr/lib/../lib64/crti.o /home/a0500327/arm-toolchain/arm-gnu-toolchain-11.3.rel1-x86_64-aarch64-none-linux-gnu/bin/../lib/gcc/aarch64-none-linux-gnu/11.3.1/crtbegin.o -L/home/a0500327/arm-toolchain/arm-gnu-toolchain-11.3.rel1-x86_64-aarch64-none-linux-gnu/bin/../lib/gcc/aarch64-none-linux-gnu/11.3.1 -L/home/a0500327/arm-toolchain/arm-gnu-toolchain-11.3.rel1-x86_64-aarch64-none-linux-gnu/bin/../lib/gcc -L/home/a0500327/arm-toolchain/arm-gnu-toolchain-11.3.rel1-x86_64-aarch64-none-linux-gnu/bin/../lib/gcc/aarch64-none-linux-gnu/11.3.1/../../../../aarch64-none-linux-gnu/lib/../lib64 -L/home/a0500327/arm-toolchain/arm-gnu-toolchain-11.3.rel1-x86_64-aarch64-none-linux-gnu/bin/../aarch64-none-linux-gnu/libc/lib/../lib64 -L/home/a0500327/arm-toolchain/arm-gnu-toolchain-11.3.rel1-x86_64-aarch64-none-linux-gnu/bin/../aarch64-none-linux-gnu/libc/usr/lib/../lib64 -L/home/a0500327/arm-toolchain/arm-gnu-toolchain-11.3.rel1-x86_64-aarch64-none-linux-gnu/bin/../lib/gcc/aarch64-none-linux-gnu/11.3.1/../../../../aarch64-none-linux-gnu/lib -L/home/a0500327/arm-toolchain/arm-gnu-toolchain-11.3.rel1-x86_64-aarch64-none-linux-gnu/bin/../aarch64-none-linux-gnu/libc/lib -L/home/a0500327/arm-toolchain/arm-gnu-toolchain-11.3.rel1-x86_64-aarch64-none-linux-gnu/bin/../aarch64-none-linux-gnu/libc/usr/lib CMakeFiles/cmTC_be94c.dir/CMakeCCompilerABI.c.o -lgcc --push-state --as-needed -lgcc_s --pop-state -lc -lgcc --push-state --as-needed -lgcc_s --pop-state /home/a0500327/arm-toolchain/arm-gnu-toolchain-11.3.rel1-x86_64-aarch64-none-linux-gnu/bin/../lib/gcc/aarch64-none-linux-gnu/11.3.1/crtend.o /home/a0500327/arm-toolchain/arm-gnu-toolchain-11.3.rel1-x86_64-aarch64-none-linux-gnu/bin/../aarch64-none-linux-gnu/libc/usr/lib/../lib64/crtn.o
COLLECT_GCC_OPTIONS='-v' '-o' 'cmTC_be94c' '-mlittle-endian' '-mabi=lp64' '-dumpdir' 'cmTC_be94c.'
gmake[1]: Leaving directory '/home/a0500327/Documents/rtc-testbench/RTC-Testbench/aarch64-build/CMakeFiles/CMakeTmp'



Parsed C implicit include dir info from above output: rv=done
  found start of include info
  found start of implicit include info
    add: [/home/a0500327/arm-toolchain/arm-gnu-toolchain-11.3.rel1-x86_64-aarch64-none-linux-gnu/bin/../lib/gcc/aarch64-none-linux-gnu/11.3.1/include]
    add: [/home/a0500327/arm-toolchain/arm-gnu-toolchain-11.3.rel1-x86_64-aarch64-none-linux-gnu/bin/../lib/gcc/aarch64-none-linux-gnu/11.3.1/include-fixed]
    add: [/home/a0500327/arm-toolchain/arm-gnu-toolchain-11.3.rel1-x86_64-aarch64-none-linux-gnu/bin/../lib/gcc/aarch64-none-linux-gnu/11.3.1/../../../../aarch64-none-linux-gnu/include]
    add: [/home/a0500327/arm-toolchain/arm-gnu-toolchain-11.3.rel1-x86_64-aarch64-none-linux-gnu/bin/../aarch64-none-linux-gnu/libc/usr/include]
  end of search list found
  collapse include dir [/home/a0500327/arm-toolchain/arm-gnu-toolchain-11.3.rel1-x86_64-aarch64-none-linux-gnu/bin/../lib/gcc/aarch64-none-linux-gnu/11.3.1/include] ==> [/home/a0500327/arm-toolchain/arm-gnu-toolchain-11.3.rel1-x86_64-aarch64-none-linux-gnu/lib/gcc/aarch64-none-linux-gnu/11.3.1/include]
  collapse include dir [/home/a0500327/arm-toolchain/arm-gnu-toolchain-11.3.rel1-x86_64-aarch64-none-linux-gnu/bin/../lib/gcc/aarch64-none-linux-gnu/11.3.1/include-fixed] ==> [/home/a0500327/arm-toolchain/arm-gnu-toolchain-11.3.rel1-x86_64-aarch64-none-linux-gnu/lib/gcc/aarch64-none-linux-gnu/11.3.1/include-fixed]
  collapse include dir [/home/a0500327/arm-toolchain/arm-gnu-toolchain-11.3.rel1-x86_64-aarch64-none-linux-gnu/bin/../lib/gcc/aarch64-none-linux-gnu/11.3.1/../../../../aarch64-none-linux-gnu/include] ==> [/home/a0500327/arm-toolchain/arm-gnu-toolchain-11.3.rel1-x86_64-aarch64-none-linux-gnu/aarch64-none-linux-gnu/include]
  collapse include dir [/home/a0500327/arm-toolchain/arm-gnu-toolchain-11.3.rel1-x86_64-aarch64-none-linux-gnu/bin/../aarch64-none-linux-gnu/libc/usr/include] ==> [/home/a0500327/arm-toolchain/arm-gnu-toolchain-11.3.rel1-x86_64-aarch64-none-linux-gnu/aarch64-none-linux-gnu/libc/usr/include]
  implicit include dirs: [/home/a0500327/arm-toolchain/arm-gnu-toolchain-11.3.rel1-x86_64-aarch64-none-linux-gnu/lib/gcc/aarch64-none-linux-gnu/11.3.1/include;/home/a0500327/arm-toolchain/arm-gnu-toolchain-11.3.rel1-x86_64-aarch64-none-linux-gnu/lib/gcc/aarch64-none-linux-gnu/11.3.1/include-fixed;/home/a0500327/arm-toolchain/arm-gnu-toolchain-11.3.rel1-x86_64-aarch64-none-linux-gnu/aarch64-none-linux-gnu/include;/home/a0500327/arm-toolchain/arm-gnu-toolchain-11.3.rel1-x86_64-aarch64-none-linux-gnu/aarch64-none-linux-gnu/libc/usr/include]


Parsed C implicit link information from above output:
  link line regex: [^( *|.*[/\])(aarch64-none-linux-gnu-ld|CMAKE_LINK_STARTFILE-NOTFOUND|([^/\]+-)?ld|collect2)[^/\]*( |$)]
  ignore line: [Change Dir: /home/a0500327/Documents/rtc-testbench/RTC-Testbench/aarch64-build/CMakeFiles/CMakeTmp]
  ignore line: []
  ignore line: [Run Build Command(s):/usr/bin/gmake -f Makefile cmTC_be94c/fast && /usr/bin/gmake  -f CMakeFiles/cmTC_be94c.dir/build.make CMakeFiles/cmTC_be94c.dir/build]
  ignore line: [gmake[1]: Entering directory '/home/a0500327/Documents/rtc-testbench/RTC-Testbench/aarch64-build/CMakeFiles/CMakeTmp']
  ignore line: [Building C object CMakeFiles/cmTC_be94c.dir/CMakeCCompilerABI.c.o]
  ignore line: [/home/a0500327/arm-toolchain/arm-gnu-toolchain-11.3.rel1-x86_64-aarch64-none-linux-gnu/bin/aarch64-none-linux-gnu-gcc   -v -o CMakeFiles/cmTC_be94c.dir/CMakeCCompilerABI.c.o -c /usr/share/cmake-3.22/Modules/CMakeCCompilerABI.c]
  ignore line: [Using built-in specs.]
  ignore line: [COLLECT_GCC=/home/a0500327/arm-toolchain/arm-gnu-toolchain-11.3.rel1-x86_64-aarch64-none-linux-gnu/bin/aarch64-none-linux-gnu-gcc]
  ignore line: [Target: aarch64-none-linux-gnu]
  ignore line: [Configured with: /data/jenkins/workspace/GNU-toolchain/arm-11/src/gcc/configure --target=aarch64-none-linux-gnu --prefix= --with-sysroot=/aarch64-none-linux-gnu/libc --with-build-sysroot=/data/jenkins/workspace/GNU-toolchain/arm-11/build-aarch64-none-linux-gnu/install//aarch64-none-linux-gnu/libc --with-bugurl=https://bugs.linaro.org/ --enable-gnu-indirect-function --enable-shared --disable-libssp --disable-libmudflap --enable-checking=release --enable-languages=c c++ fortran --with-gmp=/data/jenkins/workspace/GNU-toolchain/arm-11/build-aarch64-none-linux-gnu/host-tools --with-mpfr=/data/jenkins/workspace/GNU-toolchain/arm-11/build-aarch64-none-linux-gnu/host-tools --with-mpc=/data/jenkins/workspace/GNU-toolchain/arm-11/build-aarch64-none-linux-gnu/host-tools --with-isl=/data/jenkins/workspace/GNU-toolchain/arm-11/build-aarch64-none-linux-gnu/host-tools --enable-fix-cortex-a53-843419 --with-pkgversion='Arm GNU Toolchain 11.3.Rel1']
  ignore line: [Thread model: posix]
  ignore line: [Supported LTO compression algorithms: zlib]
  ignore line: [gcc version 11.3.1 20220712 (Arm GNU Toolchain 11.3.Rel1) ]
  ignore line: [COLLECT_GCC_OPTIONS='-v' '-o' 'CMakeFiles/cmTC_be94c.dir/CMakeCCompilerABI.c.o' '-c' '-mlittle-endian' '-mabi=lp64' '-dumpdir' 'CMakeFiles/cmTC_be94c.dir/']
  ignore line: [ /home/a0500327/arm-toolchain/arm-gnu-toolchain-11.3.rel1-x86_64-aarch64-none-linux-gnu/bin/../libexec/gcc/aarch64-none-linux-gnu/11.3.1/cc1 -quiet -v -iprefix /home/a0500327/arm-toolchain/arm-gnu-toolchain-11.3.rel1-x86_64-aarch64-none-linux-gnu/bin/../lib/gcc/aarch64-none-linux-gnu/11.3.1/ -isysroot /home/a0500327/arm-toolchain/arm-gnu-toolchain-11.3.rel1-x86_64-aarch64-none-linux-gnu/bin/../aarch64-none-linux-gnu/libc /usr/share/cmake-3.22/Modules/CMakeCCompilerABI.c -quiet -dumpdir CMakeFiles/cmTC_be94c.dir/ -dumpbase CMakeCCompilerABI.c.c -dumpbase-ext .c -mlittle-endian -mabi=lp64 -version -o /tmp/ccGdPjMI.s]
  ignore line: [GNU C17 (Arm GNU Toolchain 11.3.Rel1) version 11.3.1 20220712 (aarch64-none-linux-gnu)]
  ignore line: [	compiled by GNU C version 4.8.5 20150623 (Red Hat 4.8.5-44)  GMP version 6.2.1  MPFR version 3.1.6  MPC version 1.0.3  isl version isl-0.15-1-g835ea3a-GMP]
  ignore line: []
  ignore line: [GGC heuristics: --param ggc-min-expand=100 --param ggc-min-heapsize=131072]
  ignore line: [ignoring duplicate directory "/home/a0500327/arm-toolchain/arm-gnu-toolchain-11.3.rel1-x86_64-aarch64-none-linux-gnu/bin/../lib/gcc/../../lib/gcc/aarch64-none-linux-gnu/11.3.1/include"]
  ignore line: [ignoring nonexistent directory "/home/a0500327/arm-toolchain/arm-gnu-toolchain-11.3.rel1-x86_64-aarch64-none-linux-gnu/bin/../aarch64-none-linux-gnu/libc/usr/local/include"]
  ignore line: [ignoring duplicate directory "/home/a0500327/arm-toolchain/arm-gnu-toolchain-11.3.rel1-x86_64-aarch64-none-linux-gnu/bin/../lib/gcc/../../lib/gcc/aarch64-none-linux-gnu/11.3.1/include-fixed"]
  ignore line: [ignoring duplicate directory "/home/a0500327/arm-toolchain/arm-gnu-toolchain-11.3.rel1-x86_64-aarch64-none-linux-gnu/bin/../lib/gcc/../../lib/gcc/aarch64-none-linux-gnu/11.3.1/../../../../aarch64-none-linux-gnu/include"]
  ignore line: [#include "..." search starts here:]
  ignore line: [#include <...> search starts here:]
  ignore line: [ /home/a0500327/arm-toolchain/arm-gnu-toolchain-11.3.rel1-x86_64-aarch64-none-linux-gnu/bin/../lib/gcc/aarch64-none-linux-gnu/11.3.1/include]
  ignore line: [ /home/a0500327/arm-toolchain/arm-gnu-toolchain-11.3.rel1-x86_64-aarch64-none-linux-gnu/bin/../lib/gcc/aarch64-none-linux-gnu/11.3.1/include-fixed]
  ignore line: [ /home/a0500327/arm-toolchain/arm-gnu-toolchain-11.3.rel1-x86_64-aarch64-none-linux-gnu/bin/../lib/gcc/aarch64-none-linux-gnu/11.3.1/../../../../aarch64-none-linux-gnu/include]
  ignore line: [ /home/a0500327/arm-toolchain/arm-gnu-toolchain-11.3.rel1-x86_64-aarch64-none-linux-gnu/bin/../aarch64-none-linux-gnu/libc/usr/include]
  ignore line: [End of search list.]
  ignore line: [GNU C17 (Arm GNU Toolchain 11.3.Rel1) version 11.3.1 20220712 (aarch64-none-linux-gnu)]
  ignore line: [	compiled by GNU C version 4.8.5 20150623 (Red Hat 4.8.5-44)  GMP version 6.2.1  MPFR version 3.1.6  MPC version 1.0.3  isl version isl-0.15-1-g835ea3a-GMP]
  ignore line: []
  ignore line: [GGC heuristics: --param ggc-min-expand=100 --param ggc-min-heapsize=131072]
  ignore line: [Compiler executable checksum: b92c0cf4161aaea5a5b671aa43faf60e]
  ignore line: [COLLECT_GCC_OPTIONS='-v' '-o' 'CMakeFiles/cmTC_be94c.dir/CMakeCCompilerABI.c.o' '-c' '-mlittle-endian' '-mabi=lp64' '-dumpdir' 'CMakeFiles/cmTC_be94c.dir/']
  ignore line: [ /home/a0500327/arm-toolchain/arm-gnu-toolchain-11.3.rel1-x86_64-aarch64-none-linux-gnu/bin/../lib/gcc/aarch64-none-linux-gnu/11.3.1/../../../../aarch64-none-linux-gnu/bin/as -v -EL -mabi=lp64 -o CMakeFiles/cmTC_be94c.dir/CMakeCCompilerABI.c.o /tmp/ccGdPjMI.s]
  ignore line: [GNU assembler version 2.38 (aarch64-none-linux-gnu) using BFD version (Arm GNU Toolchain 11.3.Rel1) 2.38.20220708]
  ignore line: [COMPILER_PATH=/home/a0500327/arm-toolchain/arm-gnu-toolchain-11.3.rel1-x86_64-aarch64-none-linux-gnu/bin/../libexec/gcc/aarch64-none-linux-gnu/11.3.1/:/home/a0500327/arm-toolchain/arm-gnu-toolchain-11.3.rel1-x86_64-aarch64-none-linux-gnu/bin/../libexec/gcc/:/home/a0500327/arm-toolchain/arm-gnu-toolchain-11.3.rel1-x86_64-aarch64-none-linux-gnu/bin/../lib/gcc/aarch64-none-linux-gnu/11.3.1/../../../../aarch64-none-linux-gnu/bin/]
  ignore line: [LIBRARY_PATH=/home/a0500327/arm-toolchain/arm-gnu-toolchain-11.3.rel1-x86_64-aarch64-none-linux-gnu/bin/../lib/gcc/aarch64-none-linux-gnu/11.3.1/:/home/a0500327/arm-toolchain/arm-gnu-toolchain-11.3.rel1-x86_64-aarch64-none-linux-gnu/bin/../lib/gcc/:/home/a0500327/arm-toolchain/arm-gnu-toolchain-11.3.rel1-x86_64-aarch64-none-linux-gnu/bin/../lib/gcc/aarch64-none-linux-gnu/11.3.1/../../../../aarch64-none-linux-gnu/lib/../lib64/:/home/a0500327/arm-toolchain/arm-gnu-toolchain-11.3.rel1-x86_64-aarch64-none-linux-gnu/bin/../aarch64-none-linux-gnu/libc/lib/../lib64/:/home/a0500327/arm-toolchain/arm-gnu-toolchain-11.3.rel1-x86_64-aarch64-none-linux-gnu/bin/../aarch64-none-linux-gnu/libc/usr/lib/../lib64/:/home/a0500327/arm-toolchain/arm-gnu-toolchain-11.3.rel1-x86_64-aarch64-none-linux-gnu/bin/../lib/gcc/aarch64-none-linux-gnu/11.3.1/../../../../aarch64-none-linux-gnu/lib/:/home/a0500327/arm-toolchain/arm-gnu-toolchain-11.3.rel1-x86_64-aarch64-none-linux-gnu/bin/../aarch64-none-linux-gnu/libc/lib/:/home/a0500327/arm-toolchain/arm-gnu-toolchain-11.3.rel1-x86_64-aarch64-none-linux-gnu/bin/../aarch64-none-linux-gnu/libc/usr/lib/]
  ignore line: [COLLECT_GCC_OPTIONS='-v' '-o' 'CMakeFiles/cmTC_be94c.dir/CMakeCCompilerABI.c.o' '-c' '-mlittle-endian' '-mabi=lp64' '-dumpdir' 'CMakeFiles/cmTC_be94c.dir/CMakeCCompilerABI.c.']
  ignore line: [Linking C executable cmTC_be94c]
  ignore line: [/usr/bin/cmake -E cmake_link_script CMakeFiles/cmTC_be94c.dir/link.txt --verbose=1]
  ignore line: [/home/a0500327/arm-toolchain/arm-gnu-toolchain-11.3.rel1-x86_64-aarch64-none-linux-gnu/bin/aarch64-none-linux-gnu-gcc  -v CMakeFiles/cmTC_be94c.dir/CMakeCCompilerABI.c.o -o cmTC_be94c ]
  ignore line: [Using built-in specs.]
  ignore line: [COLLECT_GCC=/home/a0500327/arm-toolchain/arm-gnu-toolchain-11.3.rel1-x86_64-aarch64-none-linux-gnu/bin/aarch64-none-linux-gnu-gcc]
  ignore line: [COLLECT_LTO_WRAPPER=/home/a0500327/arm-toolchain/arm-gnu-toolchain-11.3.rel1-x86_64-aarch64-none-linux-gnu/bin/../libexec/gcc/aarch64-none-linux-gnu/11.3.1/lto-wrapper]
  ignore line: [Target: aarch64-none-linux-gnu]
  ignore line: [Configured with: /data/jenkins/workspace/GNU-toolchain/arm-11/src/gcc/configure --target=aarch64-none-linux-gnu --prefix= --with-sysroot=/aarch64-none-linux-gnu/libc --with-build-sysroot=/data/jenkins/workspace/GNU-toolchain/arm-11/build-aarch64-none-linux-gnu/install//aarch64-none-linux-gnu/libc --with-bugurl=https://bugs.linaro.org/ --enable-gnu-indirect-function --enable-shared --disable-libssp --disable-libmudflap --enable-checking=release --enable-languages=c c++ fortran --with-gmp=/data/jenkins/workspace/GNU-toolchain/arm-11/build-aarch64-none-linux-gnu/host-tools --with-mpfr=/data/jenkins/workspace/GNU-toolchain/arm-11/build-aarch64-none-linux-gnu/host-tools --with-mpc=/data/jenkins/workspace/GNU-toolchain/arm-11/build-aarch64-none-linux-gnu/host-tools --with-isl=/data/jenkins/workspace/GNU-toolchain/arm-11/build-aarch64-none-linux-gnu/host-tools --enable-fix-cortex-a53-843419 --with-pkgversion='Arm GNU Toolchain 11.3.Rel1']
  ignore line: [Thread model: posix]
  ignore line: [Supported LTO compression algorithms: zlib]
  ignore line: [gcc version 11.3.1 20220712 (Arm GNU Toolchain 11.3.Rel1) ]
  ignore line: [COMPILER_PATH=/home/a0500327/arm-toolchain/arm-gnu-toolchain-11.3.rel1-x86_64-aarch64-none-linux-gnu/bin/../libexec/gcc/aarch64-none-linux-gnu/11.3.1/:/home/a0500327/arm-toolchain/arm-gnu-toolchain-11.3.rel1-x86_64-aarch64-none-linux-gnu/bin/../libexec/gcc/:/home/a0500327/arm-toolchain/arm-gnu-toolchain-11.3.rel1-x86_64-aarch64-none-linux-gnu/bin/../lib/gcc/aarch64-none-linux-gnu/11.3.1/../../../../aarch64-none-linux-gnu/bin/]
  ignore line: [LIBRARY_PATH=/home/a0500327/arm-toolchain/arm-gnu-toolchain-11.3.rel1-x86_64-aarch64-none-linux-gnu/bin/../lib/gcc/aarch64-none-linux-gnu/11.3.1/:/home/a0500327/arm-toolchain/arm-gnu-toolchain-11.3.rel1-x86_64-aarch64-none-linux-gnu/bin/../lib/gcc/:/home/a0500327/arm-toolchain/arm-gnu-toolchain-11.3.rel1-x86_64-aarch64-none-linux-gnu/bin/../lib/gcc/aarch64-none-linux-gnu/11.3.1/../../../../aarch64-none-linux-gnu/lib/../lib64/:/home/a0500327/arm-toolchain/arm-gnu-toolchain-11.3.rel1-x86_64-aarch64-none-linux-gnu/bin/../aarch64-none-linux-gnu/libc/lib/../lib64/:/home/a0500327/arm-toolchain/arm-gnu-toolchain-11.3.rel1-x86_64-aarch64-none-linux-gnu/bin/../aarch64-none-linux-gnu/libc/usr/lib/../lib64/:/home/a0500327/arm-toolchain/arm-gnu-toolchain-11.3.rel1-x86_64-aarch64-none-linux-gnu/bin/../lib/gcc/aarch64-none-linux-gnu/11.3.1/../../../../aarch64-none-linux-gnu/lib/:/home/a0500327/arm-toolchain/arm-gnu-toolchain-11.3.rel1-x86_64-aarch64-none-linux-gnu/bin/../aarch64-none-linux-gnu/libc/lib/:/home/a0500327/arm-toolchain/arm-gnu-toolchain-11.3.rel1-x86_64-aarch64-none-linux-gnu/bin/../aarch64-none-linux-gnu/libc/usr/lib/]
  ignore line: [COLLECT_GCC_OPTIONS='-v' '-o' 'cmTC_be94c' '-mlittle-endian' '-mabi=lp64' '-dumpdir' 'cmTC_be94c.']
  link line: [ /home/a0500327/arm-toolchain/arm-gnu-toolchain-11.3.rel1-x86_64-aarch64-none-linux-gnu/bin/../libexec/gcc/aarch64-none-linux-gnu/11.3.1/collect2 -plugin /home/a0500327/arm-toolchain/arm-gnu-toolchain-11.3.rel1-x86_64-aarch64-none-linux-gnu/bin/../libexec/gcc/aarch64-none-linux-gnu/11.3.1/liblto_plugin.so -plugin-opt=/home/a0500327/arm-toolchain/arm-gnu-toolchain-11.3.rel1-x86_64-aarch64-none-linux-gnu/bin/../libexec/gcc/aarch64-none-linux-gnu/11.3.1/lto-wrapper -plugin-opt=-fresolution=/tmp/cc09efHP.res -plugin-opt=-pass-through=-lgcc -plugin-opt=-pass-through=-lgcc_s -plugin-opt=-pass-through=-lc -plugin-opt=-pass-through=-lgcc -plugin-opt=-pass-through=-lgcc_s --sysroot=/home/a0500327/arm-toolchain/arm-gnu-toolchain-11.3.rel1-x86_64-aarch64-none-linux-gnu/bin/../aarch64-none-linux-gnu/libc --eh-frame-hdr -dynamic-linker /lib/ld-linux-aarch64.so.1 -X -EL -maarch64linux --fix-cortex-a53-843419 -o cmTC_be94c /home/a0500327/arm-toolchain/arm-gnu-toolchain-11.3.rel1-x86_64-aarch64-none-linux-gnu/bin/../aarch64-none-linux-gnu/libc/usr/lib/../lib64/crt1.o /home/a0500327/arm-toolchain/arm-gnu-toolchain-11.3.rel1-x86_64-aarch64-none-linux-gnu/bin/../aarch64-none-linux-gnu/libc/usr/lib/../lib64/crti.o /home/a0500327/arm-toolchain/arm-gnu-toolchain-11.3.rel1-x86_64-aarch64-none-linux-gnu/bin/../lib/gcc/aarch64-none-linux-gnu/11.3.1/crtbegin.o -L/home/a0500327/arm-toolchain/arm-gnu-toolchain-11.3.rel1-x86_64-aarch64-none-linux-gnu/bin/../lib/gcc/aarch64-none-linux-gnu/11.3.1 -L/home/a0500327/arm-toolchain/arm-gnu-toolchain-11.3.rel1-x86_64-aarch64-none-linux-gnu/bin/../lib/gcc -L/home/a0500327/arm-toolchain/arm-gnu-toolchain-11.3.rel1-x86_64-aarch64-none-linux-gnu/bin/../lib/gcc/aarch64-none-linux-gnu/11.3.1/../../../../aarch64-none-linux-gnu/lib/../lib64 -L/home/a0500327/arm-toolchain/arm-gnu-toolchain-11.3.rel1-x86_64-aarch64-none-linux-gnu/bin/../aarch64-none-linux-gnu/libc/lib/../lib64 -L/home/a0500327/arm-toolchain/arm-gnu-toolchain-11.3.rel1-x86_64-aarch64-none-linux-gnu/bin/../aarch64-none-linux-gnu/libc/usr/lib/../lib64 -L/home/a0500327/arm-toolchain/arm-gnu-toolchain-11.3.rel1-x86_64-aarch64-none-linux-gnu/bin/../lib/gcc/aarch64-none-linux-gnu/11.3.1/../../../../aarch64-none-linux-gnu/lib -L/home/a0500327/arm-toolchain/arm-gnu-toolchain-11.3.rel1-x86_64-aarch64-none-linux-gnu/bin/../aarch64-none-linux-gnu/libc/lib -L/home/a0500327/arm-toolchain/arm-gnu-toolchain-11.3.rel1-x86_64-aarch64-none-linux-gnu/bin/../aarch64-none-linux-gnu/libc/usr/lib CMakeFiles/cmTC_be94c.dir/CMakeCCompilerABI.c.o -lgcc --push-state --as-needed -lgcc_s --pop-state -lc -lgcc --push-state --as-needed -lgcc_s --pop-state /home/a0500327/arm-toolchain/arm-gnu-toolchain-11.3.rel1-x86_64-aarch64-none-linux-gnu/bin/../lib/gcc/aarch64-none-linux-gnu/11.3.1/crtend.o /home/a0500327/arm-toolchain/arm-gnu-toolchain-11.3.rel1-x86_64-aarch64-none-linux-gnu/bin/../aarch64-none-linux-gnu/libc/usr/lib/../lib64/crtn.o]
    arg [/home/a0500327/arm-toolchain/arm-gnu-toolchain-11.3.rel1-x86_64-aarch64-none-linux-gnu/bin/../libexec/gcc/aarch64-none-linux-gnu/11.3.1/collect2] ==> ignore
    arg [-plugin] ==> ignore
    arg [/home/a0500327/arm-toolchain/arm-gnu-toolchain-11.3.rel1-x86_64-aarch64-none-linux-gnu/bin/../libexec/gcc/aarch64-none-linux-gnu/11.3.1/liblto_plugin.so] ==> ignore
    arg [-plugin-opt=/home/a0500327/arm-toolchain/arm-gnu-toolchain-11.3.rel1-x86_64-aarch64-none-linux-gnu/bin/../libexec/gcc/aarch64-none-linux-gnu/11.3.1/lto-wrapper] ==> ignore
    arg [-plugin-opt=-fresolution=/tmp/cc09efHP.res] ==> ignore
    arg [-plugin-opt=-pass-through=-lgcc] ==> ignore
    arg [-plugin-opt=-pass-through=-lgcc_s] ==> ignore
    arg [-plugin-opt=-pass-through=-lc] ==> ignore
    arg [-plugin-opt=-pass-through=-lgcc] ==> ignore
    arg [-plugin-opt=-pass-through=-lgcc_s] ==> ignore
    arg [--sysroot=/home/a0500327/arm-toolchain/arm-gnu-toolchain-11.3.rel1-x86_64-aarch64-none-linux-gnu/bin/../aarch64-none-linux-gnu/libc] ==> ignore
    arg [--eh-frame-hdr] ==> ignore
    arg [-dynamic-linker] ==> ignore
    arg [/lib/ld-linux-aarch64.so.1] ==> ignore
    arg [-X] ==> ignore
    arg [-EL] ==> ignore
    arg [-maarch64linux] ==> ignore
    arg [--fix-cortex-a53-843419] ==> ignore
    arg [-o] ==> ignore
    arg [cmTC_be94c] ==> ignore
    arg [/home/a0500327/arm-toolchain/arm-gnu-toolchain-11.3.rel1-x86_64-aarch64-none-linux-gnu/bin/../aarch64-none-linux-gnu/libc/usr/lib/../lib64/crt1.o] ==> obj [/home/a0500327/arm-toolchain/arm-gnu-toolchain-11.3.rel1-x86_64-aarch64-none-linux-gnu/bin/../aarch64-none-linux-gnu/libc/usr/lib/../lib64/crt1.o]
    arg [/home/a0500327/arm-toolchain/arm-gnu-toolchain-11.3.rel1-x86_64-aarch64-none-linux-gnu/bin/../aarch64-none-linux-gnu/libc/usr/lib/../lib64/crti.o] ==> obj [/home/a0500327/arm-toolchain/arm-gnu-toolchain-11.3.rel1-x86_64-aarch64-none-linux-gnu/bin/../aarch64-none-linux-gnu/libc/usr/lib/../lib64/crti.o]
    arg [/home/a0500327/arm-toolchain/arm-gnu-toolchain-11.3.rel1-x86_64-aarch64-none-linux-gnu/bin/../lib/gcc/aarch64-none-linux-gnu/11.3.1/crtbegin.o] ==> obj [/home/a0500327/arm-toolchain/arm-gnu-toolchain-11.3.rel1-x86_64-aarch64-none-linux-gnu/bin/../lib/gcc/aarch64-none-linux-gnu/11.3.1/crtbegin.o]
    arg [-L/home/a0500327/arm-toolchain/arm-gnu-toolchain-11.3.rel1-x86_64-aarch64-none-linux-gnu/bin/../lib/gcc/aarch64-none-linux-gnu/11.3.1] ==> dir [/home/a0500327/arm-toolchain/arm-gnu-toolchain-11.3.rel1-x86_64-aarch64-none-linux-gnu/bin/../lib/gcc/aarch64-none-linux-gnu/11.3.1]
    arg [-L/home/a0500327/arm-toolchain/arm-gnu-toolchain-11.3.rel1-x86_64-aarch64-none-linux-gnu/bin/../lib/gcc] ==> dir [/home/a0500327/arm-toolchain/arm-gnu-toolchain-11.3.rel1-x86_64-aarch64-none-linux-gnu/bin/../lib/gcc]
    arg [-L/home/a0500327/arm-toolchain/arm-gnu-toolchain-11.3.rel1-x86_64-aarch64-none-linux-gnu/bin/../lib/gcc/aarch64-none-linux-gnu/11.3.1/../../../../aarch64-none-linux-gnu/lib/../lib64] ==> dir [/home/a0500327/arm-toolchain/arm-gnu-toolchain-11.3.rel1-x86_64-aarch64-none-linux-gnu/bin/../lib/gcc/aarch64-none-linux-gnu/11.3.1/../../../../aarch64-none-linux-gnu/lib/../lib64]
    arg [-L/home/a0500327/arm-toolchain/arm-gnu-toolchain-11.3.rel1-x86_64-aarch64-none-linux-gnu/bin/../aarch64-none-linux-gnu/libc/lib/../lib64] ==> dir [/home/a0500327/arm-toolchain/arm-gnu-toolchain-11.3.rel1-x86_64-aarch64-none-linux-gnu/bin/../aarch64-none-linux-gnu/libc/lib/../lib64]
    arg [-L/home/a0500327/arm-toolchain/arm-gnu-toolchain-11.3.rel1-x86_64-aarch64-none-linux-gnu/bin/../aarch64-none-linux-gnu/libc/usr/lib/../lib64] ==> dir [/home/a0500327/arm-toolchain/arm-gnu-toolchain-11.3.rel1-x86_64-aarch64-none-linux-gnu/bin/../aarch64-none-linux-gnu/libc/usr/lib/../lib64]
    arg [-L/home/a0500327/arm-toolchain/arm-gnu-toolchain-11.3.rel1-x86_64-aarch64-none-linux-gnu/bin/../lib/gcc/aarch64-none-linux-gnu/11.3.1/../../../../aarch64-none-linux-gnu/lib] ==> dir [/home/a0500327/arm-toolchain/arm-gnu-toolchain-11.3.rel1-x86_64-aarch64-none-linux-gnu/bin/../lib/gcc/aarch64-none-linux-gnu/11.3.1/../../../../aarch64-none-linux-gnu/lib]
    arg [-L/home/a0500327/arm-toolchain/arm-gnu-toolchain-11.3.rel1-x86_64-aarch64-none-linux-gnu/bin/../aarch64-none-linux-gnu/libc/lib] ==> dir [/home/a0500327/arm-toolchain/arm-gnu-toolchain-11.3.rel1-x86_64-aarch64-none-linux-gnu/bin/../aarch64-none-linux-gnu/libc/lib]
    arg [-L/home/a0500327/arm-toolchain/arm-gnu-toolchain-11.3.rel1-x86_64-aarch64-none-linux-gnu/bin/../aarch64-none-linux-gnu/libc/usr/lib] ==> dir [/home/a0500327/arm-toolchain/arm-gnu-toolchain-11.3.rel1-x86_64-aarch64-none-linux-gnu/bin/../aarch64-none-linux-gnu/libc/usr/lib]
    arg [CMakeFiles/cmTC_be94c.dir/CMakeCCompilerABI.c.o] ==> ignore
    arg [-lgcc] ==> lib [gcc]
    arg [--push-state] ==> ignore
    arg [--as-needed] ==> ignore
    arg [-lgcc_s] ==> lib [gcc_s]
    arg [--pop-state] ==> ignore
    arg [-lc] ==> lib [c]
    arg [-lgcc] ==> lib [gcc]
    arg [--push-state] ==> ignore
    arg [--as-needed] ==> ignore
    arg [-lgcc_s] ==> lib [gcc_s]
    arg [--pop-state] ==> ignore
    arg [/home/a0500327/arm-toolchain/arm-gnu-toolchain-11.3.rel1-x86_64-aarch64-none-linux-gnu/bin/../lib/gcc/aarch64-none-linux-gnu/11.3.1/crtend.o] ==> obj [/home/a0500327/arm-toolchain/arm-gnu-toolchain-11.3.rel1-x86_64-aarch64-none-linux-gnu/bin/../lib/gcc/aarch64-none-linux-gnu/11.3.1/crtend.o]
    arg [/home/a0500327/arm-toolchain/arm-gnu-toolchain-11.3.rel1-x86_64-aarch64-none-linux-gnu/bin/../aarch64-none-linux-gnu/libc/usr/lib/../lib64/crtn.o] ==> obj [/home/a0500327/arm-toolchain/arm-gnu-toolchain-11.3.rel1-x86_64-aarch64-none-linux-gnu/bin/../aarch64-none-linux-gnu/libc/usr/lib/../lib64/crtn.o]
  collapse obj [/home/a0500327/arm-toolchain/arm-gnu-toolchain-11.3.rel1-x86_64-aarch64-none-linux-gnu/bin/../aarch64-none-linux-gnu/libc/usr/lib/../lib64/crt1.o] ==> [/home/a0500327/arm-toolchain/arm-gnu-toolchain-11.3.rel1-x86_64-aarch64-none-linux-gnu/aarch64-none-linux-gnu/libc/usr/lib64/crt1.o]
  collapse obj [/home/a0500327/arm-toolchain/arm-gnu-toolchain-11.3.rel1-x86_64-aarch64-none-linux-gnu/bin/../aarch64-none-linux-gnu/libc/usr/lib/../lib64/crti.o] ==> [/home/a0500327/arm-toolchain/arm-gnu-toolchain-11.3.rel1-x86_64-aarch64-none-linux-gnu/aarch64-none-linux-gnu/libc/usr/lib64/crti.o]
  collapse obj [/home/a0500327/arm-toolchain/arm-gnu-toolchain-11.3.rel1-x86_64-aarch64-none-linux-gnu/bin/../lib/gcc/aarch64-none-linux-gnu/11.3.1/crtbegin.o] ==> [/home/a0500327/arm-toolchain/arm-gnu-toolchain-11.3.rel1-x86_64-aarch64-none-linux-gnu/lib/gcc/aarch64-none-linux-gnu/11.3.1/crtbegin.o]
  collapse obj [/home/a0500327/arm-toolchain/arm-gnu-toolchain-11.3.rel1-x86_64-aarch64-none-linux-gnu/bin/../lib/gcc/aarch64-none-linux-gnu/11.3.1/crtend.o] ==> [/home/a0500327/arm-toolchain/arm-gnu-toolchain-11.3.rel1-x86_64-aarch64-none-linux-gnu/lib/gcc/aarch64-none-linux-gnu/11.3.1/crtend.o]
  collapse obj [/home/a0500327/arm-toolchain/arm-gnu-toolchain-11.3.rel1-x86_64-aarch64-none-linux-gnu/bin/../aarch64-none-linux-gnu/libc/usr/lib/../lib64/crtn.o] ==> [/home/a0500327/arm-toolchain/arm-gnu-toolchain-11.3.rel1-x86_64-aarch64-none-linux-gnu/aarch64-none-linux-gnu/libc/usr/lib64/crtn.o]
  collapse library dir [/home/a0500327/arm-toolchain/arm-gnu-toolchain-11.3.rel1-x86_64-aarch64-none-linux-gnu/bin/../lib/gcc/aarch64-none-linux-gnu/11.3.1] ==> [/home/a0500327/arm-toolchain/arm-gnu-toolchain-11.3.rel1-x86_64-aarch64-none-linux-gnu/lib/gcc/aarch64-none-linux-gnu/11.3.1]
  collapse library dir [/home/a0500327/arm-toolchain/arm-gnu-toolchain-11.3.rel1-x86_64-aarch64-none-linux-gnu/bin/../lib/gcc] ==> [/home/a0500327/arm-toolchain/arm-gnu-toolchain-11.3.rel1-x86_64-aarch64-none-linux-gnu/lib/gcc]
  collapse library dir [/home/a0500327/arm-toolchain/arm-gnu-toolchain-11.3.rel1-x86_64-aarch64-none-linux-gnu/bin/../lib/gcc/aarch64-none-linux-gnu/11.3.1/../../../../aarch64-none-linux-gnu/lib/../lib64] ==> [/home/a0500327/arm-toolchain/arm-gnu-toolchain-11.3.rel1-x86_64-aarch64-none-linux-gnu/aarch64-none-linux-gnu/lib64]
  collapse library dir [/home/a0500327/arm-toolchain/arm-gnu-toolchain-11.3.rel1-x86_64-aarch64-none-linux-gnu/bin/../aarch64-none-linux-gnu/libc/lib/../lib64] ==> [/home/a0500327/arm-toolchain/arm-gnu-toolchain-11.3.rel1-x86_64-aarch64-none-linux-gnu/aarch64-none-linux-gnu/libc/lib64]
  collapse library dir [/home/a0500327/arm-toolchain/arm-gnu-toolchain-11.3.rel1-x86_64-aarch64-none-linux-gnu/bin/../aarch64-none-linux-gnu/libc/usr/lib/../lib64] ==> [/home/a0500327/arm-toolchain/arm-gnu-toolchain-11.3.rel1-x86_64-aarch64-none-linux-gnu/aarch64-none-linux-gnu/libc/usr/lib64]
  collapse library dir [/home/a0500327/arm-toolchain/arm-gnu-toolchain-11.3.rel1-x86_64-aarch64-none-linux-gnu/bin/../lib/gcc/aarch64-none-linux-gnu/11.3.1/../../../../aarch64-none-linux-gnu/lib] ==> [/home/a0500327/arm-toolchain/arm-gnu-toolchain-11.3.rel1-x86_64-aarch64-none-linux-gnu/aarch64-none-linux-gnu/lib]
  collapse library dir [/home/a0500327/arm-toolchain/arm-gnu-toolchain-11.3.rel1-x86_64-aarch64-none-linux-gnu/bin/../aarch64-none-linux-gnu/libc/lib] ==> [/home/a0500327/arm-toolchain/arm-gnu-toolchain-11.3.rel1-x86_64-aarch64-none-linux-gnu/aarch64-none-linux-gnu/libc/lib]
  collapse library dir [/home/a0500327/arm-toolchain/arm-gnu-toolchain-11.3.rel1-x86_64-aarch64-none-linux-gnu/bin/../aarch64-none-linux-gnu/libc/usr/lib] ==> [/home/a0500327/arm-toolchain/arm-gnu-toolchain-11.3.rel1-x86_64-aarch64-none-linux-gnu/aarch64-none-linux-gnu/libc/usr/lib]
  implicit libs: [gcc;gcc_s;c;gcc;gcc_s]
  implicit objs: [/home/a0500327/arm-toolchain/arm-gnu-toolchain-11.3.rel1-x86_64-aarch64-none-linux-gnu/aarch64-none-linux-gnu/libc/usr/lib64/crt1.o;/home/a0500327/arm-toolchain/arm-gnu-toolchain-11.3.rel1-x86_64-aarch64-none-linux-gnu/aarch64-none-linux-gnu/libc/usr/lib64/crti.o;/home/a0500327/arm-toolchain/arm-gnu-toolchain-11.3.rel1-x86_64-aarch64-none-linux-gnu/lib/gcc/aarch64-none-linux-gnu/11.3.1/crtbegin.o;/home/a0500327/arm-toolchain/arm-gnu-toolchain-11.3.rel1-x86_64-aarch64-none-linux-gnu/lib/gcc/aarch64-none-linux-gnu/11.3.1/crtend.o;/home/a0500327/arm-toolchain/arm-gnu-toolchain-11.3.rel1-x86_64-aarch64-none-linux-gnu/aarch64-none-linux-gnu/libc/usr/lib64/crtn.o]
  implicit dirs: [/home/a0500327/arm-toolchain/arm-gnu-toolchain-11.3.rel1-x86_64-aarch64-none-linux-gnu/lib/gcc/aarch64-none-linux-gnu/11.3.1;/home/a0500327/arm-toolchain/arm-gnu-toolchain-11.3.rel1-x86_64-aarch64-none-linux-gnu/lib/gcc;/home/a0500327/arm-toolchain/arm-gnu-toolchain-11.3.rel1-x86_64-aarch64-none-linux-gnu/aarch64-none-linux-gnu/lib64;/home/a0500327/arm-toolchain/arm-gnu-toolchain-11.3.rel1-x86_64-aarch64-none-linux-gnu/aarch64-none-linux-gnu/libc/lib64;/home/a0500327/arm-toolchain/arm-gnu-toolchain-11.3.rel1-x86_64-aarch64-none-linux-gnu/aarch64-none-linux-gnu/libc/usr/lib64;/home/a0500327/arm-toolchain/arm-gnu-toolchain-11.3.rel1-x86_64-aarch64-none-linux-gnu/aarch64-none-linux-gnu/lib;/home/a0500327/arm-toolchain/arm-gnu-toolchain-11.3.rel1-x86_64-aarch64-none-linux-gnu/aarch64-none-linux-gnu/libc/lib;/home/a0500327/arm-toolchain/arm-gnu-toolchain-11.3.rel1-x86_64-aarch64-none-linux-gnu/aarch64-none-linux-gnu/libc/usr/lib]
  implicit fwks: []


Detecting CXX compiler ABI info compiled with the following output:
Change Dir: /home/a0500327/Documents/rtc-testbench/RTC-Testbench/aarch64-build/CMakeFiles/CMakeTmp

Run Build Command(s):/usr/bin/gmake -f Makefile cmTC_c5064/fast && /usr/bin/gmake  -f CMakeFiles/cmTC_c5064.dir/build.make CMakeFiles/cmTC_c5064.dir/build
gmake[1]: Entering directory '/home/a0500327/Documents/rtc-testbench/RTC-Testbench/aarch64-build/CMakeFiles/CMakeTmp'
Building CXX object CMakeFiles/cmTC_c5064.dir/CMakeCXXCompilerABI.cpp.o
/home/a0500327/arm-toolchain/arm-gnu-toolchain-11.3.rel1-x86_64-aarch64-none-linux-gnu/bin/aarch64-none-linux-gnu-c++   -v -o CMakeFiles/cmTC_c5064.dir/CMakeCXXCompilerABI.cpp.o -c /usr/share/cmake-3.22/Modules/CMakeCXXCompilerABI.cpp
Using built-in specs.
COLLECT_GCC=/home/a0500327/arm-toolchain/arm-gnu-toolchain-11.3.rel1-x86_64-aarch64-none-linux-gnu/bin/aarch64-none-linux-gnu-c++
Target: aarch64-none-linux-gnu
Configured with: /data/jenkins/workspace/GNU-toolchain/arm-11/src/gcc/configure --target=aarch64-none-linux-gnu --prefix= --with-sysroot=/aarch64-none-linux-gnu/libc --with-build-sysroot=/data/jenkins/workspace/GNU-toolchain/arm-11/build-aarch64-none-linux-gnu/install//aarch64-none-linux-gnu/libc --with-bugurl=https://bugs.linaro.org/ --enable-gnu-indirect-function --enable-shared --disable-libssp --disable-libmudflap --enable-checking=release --enable-languages=c,c++,fortran --with-gmp=/data/jenkins/workspace/GNU-toolchain/arm-11/build-aarch64-none-linux-gnu/host-tools --with-mpfr=/data/jenkins/workspace/GNU-toolchain/arm-11/build-aarch64-none-linux-gnu/host-tools --with-mpc=/data/jenkins/workspace/GNU-toolchain/arm-11/build-aarch64-none-linux-gnu/host-tools --with-isl=/data/jenkins/workspace/GNU-toolchain/arm-11/build-aarch64-none-linux-gnu/host-tools --enable-fix-cortex-a53-843419 --with-pkgversion='Arm GNU Toolchain 11.3.Rel1'
Thread model: posix
Supported LTO compression algorithms: zlib
gcc version 11.3.1 20220712 (Arm GNU Toolchain 11.3.Rel1) 
COLLECT_GCC_OPTIONS='-v' '-o' 'CMakeFiles/cmTC_c5064.dir/CMakeCXXCompilerABI.cpp.o' '-c' '-shared-libgcc' '-mlittle-endian' '-mabi=lp64' '-dumpdir' 'CMakeFiles/cmTC_c5064.dir/'
 /home/a0500327/arm-toolchain/arm-gnu-toolchain-11.3.rel1-x86_64-aarch64-none-linux-gnu/bin/../libexec/gcc/aarch64-none-linux-gnu/11.3.1/cc1plus -quiet -v -iprefix /home/a0500327/arm-toolchain/arm-gnu-toolchain-11.3.rel1-x86_64-aarch64-none-linux-gnu/bin/../lib/gcc/aarch64-none-linux-gnu/11.3.1/ -isysroot /home/a0500327/arm-toolchain/arm-gnu-toolchain-11.3.rel1-x86_64-aarch64-none-linux-gnu/bin/../aarch64-none-linux-gnu/libc -D_GNU_SOURCE /usr/share/cmake-3.22/Modules/CMakeCXXCompilerABI.cpp -quiet -dumpdir CMakeFiles/cmTC_c5064.dir/ -dumpbase CMakeCXXCompilerABI.cpp.cpp -dumpbase-ext .cpp -mlittle-endian -mabi=lp64 -version -o /tmp/ccwZ2EyH.s
GNU C++17 (Arm GNU Toolchain 11.3.Rel1) version 11.3.1 20220712 (aarch64-none-linux-gnu)
	compiled by GNU C version 4.8.5 20150623 (Red Hat 4.8.5-44), GMP version 6.2.1, MPFR version 3.1.6, MPC version 1.0.3, isl version isl-0.15-1-g835ea3a-GMP

GGC heuristics: --param ggc-min-expand=100 --param ggc-min-heapsize=131072
ignoring duplicate directory "/home/a0500327/arm-toolchain/arm-gnu-toolchain-11.3.rel1-x86_64-aarch64-none-linux-gnu/bin/../lib/gcc/../../lib/gcc/aarch64-none-linux-gnu/11.3.1/../../../../aarch64-none-linux-gnu/include/c++/11.3.1"
ignoring duplicate directory "/home/a0500327/arm-toolchain/arm-gnu-toolchain-11.3.rel1-x86_64-aarch64-none-linux-gnu/bin/../lib/gcc/../../lib/gcc/aarch64-none-linux-gnu/11.3.1/../../../../aarch64-none-linux-gnu/include/c++/11.3.1/aarch64-none-linux-gnu"
ignoring duplicate directory "/home/a0500327/arm-toolchain/arm-gnu-toolchain-11.3.rel1-x86_64-aarch64-none-linux-gnu/bin/../lib/gcc/../../lib/gcc/aarch64-none-linux-gnu/11.3.1/../../../../aarch64-none-linux-gnu/include/c++/11.3.1/backward"
ignoring duplicate directory "/home/a0500327/arm-toolchain/arm-gnu-toolchain-11.3.rel1-x86_64-aarch64-none-linux-gnu/bin/../lib/gcc/../../lib/gcc/aarch64-none-linux-gnu/11.3.1/include"
ignoring nonexistent directory "/home/a0500327/arm-toolchain/arm-gnu-toolchain-11.3.rel1-x86_64-aarch64-none-linux-gnu/bin/../aarch64-none-linux-gnu/libc/usr/local/include"
ignoring duplicate directory "/home/a0500327/arm-toolchain/arm-gnu-toolchain-11.3.rel1-x86_64-aarch64-none-linux-gnu/bin/../lib/gcc/../../lib/gcc/aarch64-none-linux-gnu/11.3.1/include-fixed"
ignoring duplicate directory "/home/a0500327/arm-toolchain/arm-gnu-toolchain-11.3.rel1-x86_64-aarch64-none-linux-gnu/bin/../lib/gcc/../../lib/gcc/aarch64-none-linux-gnu/11.3.1/../../../../aarch64-none-linux-gnu/include"
#include "..." search starts here:
#include <...> search starts here:
 /home/a0500327/arm-toolchain/arm-gnu-toolchain-11.3.rel1-x86_64-aarch64-none-linux-gnu/bin/../lib/gcc/aarch64-none-linux-gnu/11.3.1/../../../../aarch64-none-linux-gnu/include/c++/11.3.1
 /home/a0500327/arm-toolchain/arm-gnu-toolchain-11.3.rel1-x86_64-aarch64-none-linux-gnu/bin/../lib/gcc/aarch64-none-linux-gnu/11.3.1/../../../../aarch64-none-linux-gnu/include/c++/11.3.1/aarch64-none-linux-gnu
 /home/a0500327/arm-toolchain/arm-gnu-toolchain-11.3.rel1-x86_64-aarch64-none-linux-gnu/bin/../lib/gcc/aarch64-none-linux-gnu/11.3.1/../../../../aarch64-none-linux-gnu/include/c++/11.3.1/backward
 /home/a0500327/arm-toolchain/arm-gnu-toolchain-11.3.rel1-x86_64-aarch64-none-linux-gnu/bin/../lib/gcc/aarch64-none-linux-gnu/11.3.1/include
 /home/a0500327/arm-toolchain/arm-gnu-toolchain-11.3.rel1-x86_64-aarch64-none-linux-gnu/bin/../lib/gcc/aarch64-none-linux-gnu/11.3.1/include-fixed
 /home/a0500327/arm-toolchain/arm-gnu-toolchain-11.3.rel1-x86_64-aarch64-none-linux-gnu/bin/../lib/gcc/aarch64-none-linux-gnu/11.3.1/../../../../aarch64-none-linux-gnu/include
 /home/a0500327/arm-toolchain/arm-gnu-toolchain-11.3.rel1-x86_64-aarch64-none-linux-gnu/bin/../aarch64-none-linux-gnu/libc/usr/include
End of search list.
GNU C++17 (Arm GNU Toolchain 11.3.Rel1) version 11.3.1 20220712 (aarch64-none-linux-gnu)
	compiled by GNU C version 4.8.5 20150623 (Red Hat 4.8.5-44), GMP version 6.2.1, MPFR version 3.1.6, MPC version 1.0.3, isl version isl-0.15-1-g835ea3a-GMP

GGC heuristics: --param ggc-min-expand=100 --param ggc-min-heapsize=131072
Compiler executable checksum: ac222108a8001220746d42f988e4095d
COLLECT_GCC_OPTIONS='-v' '-o' 'CMakeFiles/cmTC_c5064.dir/CMakeCXXCompilerABI.cpp.o' '-c' '-shared-libgcc' '-mlittle-endian' '-mabi=lp64' '-dumpdir' 'CMakeFiles/cmTC_c5064.dir/'
 /home/a0500327/arm-toolchain/arm-gnu-toolchain-11.3.rel1-x86_64-aarch64-none-linux-gnu/bin/../lib/gcc/aarch64-none-linux-gnu/11.3.1/../../../../aarch64-none-linux-gnu/bin/as -v -EL -mabi=lp64 -o CMakeFiles/cmTC_c5064.dir/CMakeCXXCompilerABI.cpp.o /tmp/ccwZ2EyH.s
GNU assembler version 2.38 (aarch64-none-linux-gnu) using BFD version (Arm GNU Toolchain 11.3.Rel1) 2.38.20220708
COMPILER_PATH=/home/a0500327/arm-toolchain/arm-gnu-toolchain-11.3.rel1-x86_64-aarch64-none-linux-gnu/bin/../libexec/gcc/aarch64-none-linux-gnu/11.3.1/:/home/a0500327/arm-toolchain/arm-gnu-toolchain-11.3.rel1-x86_64-aarch64-none-linux-gnu/bin/../libexec/gcc/:/home/a0500327/arm-toolchain/arm-gnu-toolchain-11.3.rel1-x86_64-aarch64-none-linux-gnu/bin/../lib/gcc/aarch64-none-linux-gnu/11.3.1/../../../../aarch64-none-linux-gnu/bin/
LIBRARY_PATH=/home/a0500327/arm-toolchain/arm-gnu-toolchain-11.3.rel1-x86_64-aarch64-none-linux-gnu/bin/../lib/gcc/aarch64-none-linux-gnu/11.3.1/:/home/a0500327/arm-toolchain/arm-gnu-toolchain-11.3.rel1-x86_64-aarch64-none-linux-gnu/bin/../lib/gcc/:/home/a0500327/arm-toolchain/arm-gnu-toolchain-11.3.rel1-x86_64-aarch64-none-linux-gnu/bin/../lib/gcc/aarch64-none-linux-gnu/11.3.1/../../../../aarch64-none-linux-gnu/lib/../lib64/:/home/a0500327/arm-toolchain/arm-gnu-toolchain-11.3.rel1-x86_64-aarch64-none-linux-gnu/bin/../aarch64-none-linux-gnu/libc/lib/../lib64/:/home/a0500327/arm-toolchain/arm-gnu-toolchain-11.3.rel1-x86_64-aarch64-none-linux-gnu/bin/../aarch64-none-linux-gnu/libc/usr/lib/../lib64/:/home/a0500327/arm-toolchain/arm-gnu-toolchain-11.3.rel1-x86_64-aarch64-none-linux-gnu/bin/../lib/gcc/aarch64-none-linux-gnu/11.3.1/../../../../aarch64-none-linux-gnu/lib/:/home/a0500327/arm-toolchain/arm-gnu-toolchain-11.3.rel1-x86_64-aarch64-none-linux-gnu/bin/../aarch64-none-linux-gnu/libc/lib/:/home/a0500327/arm-toolchain/arm-gnu-toolchain-11.3.rel1-x86_64-aarch64-none-linux-gnu/bin/../aarch64-none-linux-gnu/libc/usr/lib/
COLLECT_GCC_OPTIONS='-v' '-o' 'CMakeFiles/cmTC_c5064.dir/CMakeCXXCompilerABI.cpp.o' '-c' '-shared-libgcc' '-mlittle-endian' '-mabi=lp64' '-dumpdir' 'CMakeFiles/cmTC_c5064.dir/CMakeCXXCompilerABI.cpp.'
Linking CXX executable cmTC_c5064
/usr/bin/cmake -E cmake_link_script CMakeFiles/cmTC_c5064.dir/link.txt --verbose=1
/home/a0500327/arm-toolchain/arm-gnu-toolchain-11.3.rel1-x86_64-aarch64-none-linux-gnu/bin/aarch64-none-linux-gnu-c++  -v CMakeFiles/cmTC_c5064.dir/CMakeCXXCompilerABI.cpp.o -o cmTC_c5064 
Using built-in specs.
COLLECT_GCC=/home/a0500327/arm-toolchain/arm-gnu-toolchain-11.3.rel1-x86_64-aarch64-none-linux-gnu/bin/aarch64-none-linux-gnu-c++
COLLECT_LTO_WRAPPER=/home/a0500327/arm-toolchain/arm-gnu-toolchain-11.3.rel1-x86_64-aarch64-none-linux-gnu/bin/../libexec/gcc/aarch64-none-linux-gnu/11.3.1/lto-wrapper
Target: aarch64-none-linux-gnu
Configured with: /data/jenkins/workspace/GNU-toolchain/arm-11/src/gcc/configure --target=aarch64-none-linux-gnu --prefix= --with-sysroot=/aarch64-none-linux-gnu/libc --with-build-sysroot=/data/jenkins/workspace/GNU-toolchain/arm-11/build-aarch64-none-linux-gnu/install//aarch64-none-linux-gnu/libc --with-bugurl=https://bugs.linaro.org/ --enable-gnu-indirect-function --enable-shared --disable-libssp --disable-libmudflap --enable-checking=release --enable-languages=c,c++,fortran --with-gmp=/data/jenkins/workspace/GNU-toolchain/arm-11/build-aarch64-none-linux-gnu/host-tools --with-mpfr=/data/jenkins/workspace/GNU-toolchain/arm-11/build-aarch64-none-linux-gnu/host-tools --with-mpc=/data/jenkins/workspace/GNU-toolchain/arm-11/build-aarch64-none-linux-gnu/host-tools --with-isl=/data/jenkins/workspace/GNU-toolchain/arm-11/build-aarch64-none-linux-gnu/host-tools --enable-fix-cortex-a53-843419 --with-pkgversion='Arm GNU Toolchain 11.3.Rel1'
Thread model: posix
Supported LTO compression algorithms: zlib
gcc version 11.3.1 20220712 (Arm GNU Toolchain 11.3.Rel1) 
COMPILER_PATH=/home/a0500327/arm-toolchain/arm-gnu-toolchain-11.3.rel1-x86_64-aarch64-none-linux-gnu/bin/../libexec/gcc/aarch64-none-linux-gnu/11.3.1/:/home/a0500327/arm-toolchain/arm-gnu-toolchain-11.3.rel1-x86_64-aarch64-none-linux-gnu/bin/../libexec/gcc/:/home/a0500327/arm-toolchain/arm-gnu-toolchain-11.3.rel1-x86_64-aarch64-none-linux-gnu/bin/../lib/gcc/aarch64-none-linux-gnu/11.3.1/../../../../aarch64-none-linux-gnu/bin/
LIBRARY_PATH=/home/a0500327/arm-toolchain/arm-gnu-toolchain-11.3.rel1-x86_64-aarch64-none-linux-gnu/bin/../lib/gcc/aarch64-none-linux-gnu/11.3.1/:/home/a0500327/arm-toolchain/arm-gnu-toolchain-11.3.rel1-x86_64-aarch64-none-linux-gnu/bin/../lib/gcc/:/home/a0500327/arm-toolchain/arm-gnu-toolchain-11.3.rel1-x86_64-aarch64-none-linux-gnu/bin/../lib/gcc/aarch64-none-linux-gnu/11.3.1/../../../../aarch64-none-linux-gnu/lib/../lib64/:/home/a0500327/arm-toolchain/arm-gnu-toolchain-11.3.rel1-x86_64-aarch64-none-linux-gnu/bin/../aarch64-none-linux-gnu/libc/lib/../lib64/:/home/a0500327/arm-toolchain/arm-gnu-toolchain-11.3.rel1-x86_64-aarch64-none-linux-gnu/bin/../aarch64-none-linux-gnu/libc/usr/lib/../lib64/:/home/a0500327/arm-toolchain/arm-gnu-toolchain-11.3.rel1-x86_64-aarch64-none-linux-gnu/bin/../lib/gcc/aarch64-none-linux-gnu/11.3.1/../../../../aarch64-none-linux-gnu/lib/:/home/a0500327/arm-toolchain/arm-gnu-toolchain-11.3.rel1-x86_64-aarch64-none-linux-gnu/bin/../aarch64-none-linux-gnu/libc/lib/:/home/a0500327/arm-toolchain/arm-gnu-toolchain-11.3.rel1-x86_64-aarch64-none-linux-gnu/bin/../aarch64-none-linux-gnu/libc/usr/lib/
COLLECT_GCC_OPTIONS='-v' '-o' 'cmTC_c5064' '-shared-libgcc' '-mlittle-endian' '-mabi=lp64' '-dumpdir' 'cmTC_c5064.'
 /home/a0500327/arm-toolchain/arm-gnu-toolchain-11.3.rel1-x86_64-aarch64-none-linux-gnu/bin/../libexec/gcc/aarch64-none-linux-gnu/11.3.1/collect2 -plugin /home/a0500327/arm-toolchain/arm-gnu-toolchain-11.3.rel1-x86_64-aarch64-none-linux-gnu/bin/../libexec/gcc/aarch64-none-linux-gnu/11.3.1/liblto_plugin.so -plugin-opt=/home/a0500327/arm-toolchain/arm-gnu-toolchain-11.3.rel1-x86_64-aarch64-none-linux-gnu/bin/../libexec/gcc/aarch64-none-linux-gnu/11.3.1/lto-wrapper -plugin-opt=-fresolution=/tmp/ccdZ2XvH.res -plugin-opt=-pass-through=-lgcc_s -plugin-opt=-pass-through=-lgcc -plugin-opt=-pass-through=-lc -plugin-opt=-pass-through=-lgcc_s -plugin-opt=-pass-through=-lgcc --sysroot=/home/a0500327/arm-toolchain/arm-gnu-toolchain-11.3.rel1-x86_64-aarch64-none-linux-gnu/bin/../aarch64-none-linux-gnu/libc --eh-frame-hdr -dynamic-linker /lib/ld-linux-aarch64.so.1 -X -EL -maarch64linux --fix-cortex-a53-843419 -o cmTC_c5064 /home/a0500327/arm-toolchain/arm-gnu-toolchain-11.3.rel1-x86_64-aarch64-none-linux-gnu/bin/../aarch64-none-linux-gnu/libc/usr/lib/../lib64/crt1.o /home/a0500327/arm-toolchain/arm-gnu-toolchain-11.3.rel1-x86_64-aarch64-none-linux-gnu/bin/../aarch64-none-linux-gnu/libc/usr/lib/../lib64/crti.o /home/a0500327/arm-toolchain/arm-gnu-toolchain-11.3.rel1-x86_64-aarch64-none-linux-gnu/bin/../lib/gcc/aarch64-none-linux-gnu/11.3.1/crtbegin.o -L/home/a0500327/arm-toolchain/arm-gnu-toolchain-11.3.rel1-x86_64-aarch64-none-linux-gnu/bin/../lib/gcc/aarch64-none-linux-gnu/11.3.1 -L/home/a0500327/arm-toolchain/arm-gnu-toolchain-11.3.rel1-x86_64-aarch64-none-linux-gnu/bin/../lib/gcc -L/home/a0500327/arm-toolchain/arm-gnu-toolchain-11.3.rel1-x86_64-aarch64-none-linux-gnu/bin/../lib/gcc/aarch64-none-linux-gnu/11.3.1/../../../../aarch64-none-linux-gnu/lib/../lib64 -L/home/a0500327/arm-toolchain/arm-gnu-toolchain-11.3.rel1-x86_64-aarch64-none-linux-gnu/bin/../aarch64-none-linux-gnu/libc/lib/../lib64 -L/home/a0500327/arm-toolchain/arm-gnu-toolchain-11.3.rel1-x86_64-aarch64-none-linux-gnu/bin/../aarch64-none-linux-gnu/libc/usr/lib/../lib64 -L/home/a0500327/arm-toolchain/arm-gnu-toolchain-11.3.rel1-x86_64-aarch64-none-linux-gnu/bin/../lib/gcc/aarch64-none-linux-gnu/11.3.1/../../../../aarch64-none-linux-gnu/lib -L/home/a0500327/arm-toolchain/arm-gnu-toolchain-11.3.rel1-x86_64-aarch64-none-linux-gnu/bin/../aarch64-none-linux-gnu/libc/lib -L/home/a0500327/arm-toolchain/arm-gnu-toolchain-11.3.rel1-x86_64-aarch64-none-linux-gnu/bin/../aarch64-none-linux-gnu/libc/usr/lib CMakeFiles/cmTC_c5064.dir/CMakeCXXCompilerABI.cpp.o -lstdc++ -lm -lgcc_s -lgcc -lc -lgcc_s -lgcc /home/a0500327/arm-toolchain/arm-gnu-toolchain-11.3.rel1-x86_64-aarch64-none-linux-gnu/bin/../lib/gcc/aarch64-none-linux-gnu/11.3.1/crtend.o /home/a0500327/arm-toolchain/arm-gnu-toolchain-11.3.rel1-x86_64-aarch64-none-linux-gnu/bin/../aarch64-none-linux-gnu/libc/usr/lib/../lib64/crtn.o
COLLECT_GCC_OPTIONS='-v' '-o' 'cmTC_c5064' '-shared-libgcc' '-mlittle-endian' '-mabi=lp64' '-dumpdir' 'cmTC_c5064.'
gmake[1]: Leaving directory '/home/a0500327/Documents/rtc-testbench/RTC-Testbench/aarch64-build/CMakeFiles/CMakeTmp'



Parsed CXX implicit include dir info from above output: rv=done
  found start of include info
  found start of implicit include info
    add: [/home/a0500327/arm-toolchain/arm-gnu-toolchain-11.3.rel1-x86_64-aarch64-none-linux-gnu/bin/../lib/gcc/aarch64-none-linux-gnu/11.3.1/../../../../aarch64-none-linux-gnu/include/c++/11.3.1]
    add: [/home/a0500327/arm-toolchain/arm-gnu-toolchain-11.3.rel1-x86_64-aarch64-none-linux-gnu/bin/../lib/gcc/aarch64-none-linux-gnu/11.3.1/../../../../aarch64-none-linux-gnu/include/c++/11.3.1/aarch64-none-linux-gnu]
    add: [/home/a0500327/arm-toolchain/arm-gnu-toolchain-11.3.rel1-x86_64-aarch64-none-linux-gnu/bin/../lib/gcc/aarch64-none-linux-gnu/11.3.1/../../../../aarch64-none-linux-gnu/include/c++/11.3.1/backward]
    add: [/home/a0500327/arm-toolchain/arm-gnu-toolchain-11.3.rel1-x86_64-aarch64-none-linux-gnu/bin/../lib/gcc/aarch64-none-linux-gnu/11.3.1/include]
    add: [/home/a0500327/arm-toolchain/arm-gnu-toolchain-11.3.rel1-x86_64-aarch64-none-linux-gnu/bin/../lib/gcc/aarch64-none-linux-gnu/11.3.1/include-fixed]
    add: [/home/a0500327/arm-toolchain/arm-gnu-toolchain-11.3.rel1-x86_64-aarch64-none-linux-gnu/bin/../lib/gcc/aarch64-none-linux-gnu/11.3.1/../../../../aarch64-none-linux-gnu/include]
    add: [/home/a0500327/arm-toolchain/arm-gnu-toolchain-11.3.rel1-x86_64-aarch64-none-linux-gnu/bin/../aarch64-none-linux-gnu/libc/usr/include]
  end of search list found
  collapse include dir [/home/a0500327/arm-toolchain/arm-gnu-toolchain-11.3.rel1-x86_64-aarch64-none-linux-gnu/bin/../lib/gcc/aarch64-none-linux-gnu/11.3.1/../../../../aarch64-none-linux-gnu/include/c++/11.3.1] ==> [/home/a0500327/arm-toolchain/arm-gnu-toolchain-11.3.rel1-x86_64-aarch64-none-linux-gnu/aarch64-none-linux-gnu/include/c++/11.3.1]
  collapse include dir [/home/a0500327/arm-toolchain/arm-gnu-toolchain-11.3.rel1-x86_64-aarch64-none-linux-gnu/bin/../lib/gcc/aarch64-none-linux-gnu/11.3.1/../../../../aarch64-none-linux-gnu/include/c++/11.3.1/aarch64-none-linux-gnu] ==> [/home/a0500327/arm-toolchain/arm-gnu-toolchain-11.3.rel1-x86_64-aarch64-none-linux-gnu/aarch64-none-linux-gnu/include/c++/11.3.1/aarch64-none-linux-gnu]
  collapse include dir [/home/a0500327/arm-toolchain/arm-gnu-toolchain-11.3.rel1-x86_64-aarch64-none-linux-gnu/bin/../lib/gcc/aarch64-none-linux-gnu/11.3.1/../../../../aarch64-none-linux-gnu/include/c++/11.3.1/backward] ==> [/home/a0500327/arm-toolchain/arm-gnu-toolchain-11.3.rel1-x86_64-aarch64-none-linux-gnu/aarch64-none-linux-gnu/include/c++/11.3.1/backward]
  collapse include dir [/home/a0500327/arm-toolchain/arm-gnu-toolchain-11.3.rel1-x86_64-aarch64-none-linux-gnu/bin/../lib/gcc/aarch64-none-linux-gnu/11.3.1/include] ==> [/home/a0500327/arm-toolchain/arm-gnu-toolchain-11.3.rel1-x86_64-aarch64-none-linux-gnu/lib/gcc/aarch64-none-linux-gnu/11.3.1/include]
  collapse include dir [/home/a0500327/arm-toolchain/arm-gnu-toolchain-11.3.rel1-x86_64-aarch64-none-linux-gnu/bin/../lib/gcc/aarch64-none-linux-gnu/11.3.1/include-fixed] ==> [/home/a0500327/arm-toolchain/arm-gnu-toolchain-11.3.rel1-x86_64-aarch64-none-linux-gnu/lib/gcc/aarch64-none-linux-gnu/11.3.1/include-fixed]
  collapse include dir [/home/a0500327/arm-toolchain/arm-gnu-toolchain-11.3.rel1-x86_64-aarch64-none-linux-gnu/bin/../lib/gcc/aarch64-none-linux-gnu/11.3.1/../../../../aarch64-none-linux-gnu/include] ==> [/home/a0500327/arm-toolchain/arm-gnu-toolchain-11.3.rel1-x86_64-aarch64-none-linux-gnu/aarch64-none-linux-gnu/include]
  collapse include dir [/home/a0500327/arm-toolchain/arm-gnu-toolchain-11.3.rel1-x86_64-aarch64-none-linux-gnu/bin/../aarch64-none-linux-gnu/libc/usr/include] ==> [/home/a0500327/arm-toolchain/arm-gnu-toolchain-11.3.rel1-x86_64-aarch64-none-linux-gnu/aarch64-none-linux-gnu/libc/usr/include]
  implicit include dirs: [/home/a0500327/arm-toolchain/arm-gnu-toolchain-11.3.rel1-x86_64-aarch64-none-linux-gnu/aarch64-none-linux-gnu/include/c++/11.3.1;/home/a0500327/arm-toolchain/arm-gnu-toolchain-11.3.rel1-x86_64-aarch64-none-linux-gnu/aarch64-none-linux-gnu/include/c++/11.3.1/aarch64-none-linux-gnu;/home/a0500327/arm-toolchain/arm-gnu-toolchain-11.3.rel1-x86_64-aarch64-none-linux-gnu/aarch64-none-linux-gnu/include/c++/11.3.1/backward;/home/a0500327/arm-toolchain/arm-gnu-toolchain-11.3.rel1-x86_64-aarch64-none-linux-gnu/lib/gcc/aarch64-none-linux-gnu/11.3.1/include;/home/a0500327/arm-toolchain/arm-gnu-toolchain-11.3.rel1-x86_64-aarch64-none-linux-gnu/lib/gcc/aarch64-none-linux-gnu/11.3.1/include-fixed;/home/a0500327/arm-toolchain/arm-gnu-toolchain-11.3.rel1-x86_64-aarch64-none-linux-gnu/aarch64-none-linux-gnu/include;/home/a0500327/arm-toolchain/arm-gnu-toolchain-11.3.rel1-x86_64-aarch64-none-linux-gnu/aarch64-none-linux-gnu/libc/usr/include]


Parsed CXX implicit link information from above output:
  link line regex: [^( *|.*[/\])(aarch64-none-linux-gnu-ld|CMAKE_LINK_STARTFILE-NOTFOUND|([^/\]+-)?ld|collect2)[^/\]*( |$)]
  ignore line: [Change Dir: /home/a0500327/Documents/rtc-testbench/RTC-Testbench/aarch64-build/CMakeFiles/CMakeTmp]
  ignore line: []
  ignore line: [Run Build Command(s):/usr/bin/gmake -f Makefile cmTC_c5064/fast && /usr/bin/gmake  -f CMakeFiles/cmTC_c5064.dir/build.make CMakeFiles/cmTC_c5064.dir/build]
  ignore line: [gmake[1]: Entering directory '/home/a0500327/Documents/rtc-testbench/RTC-Testbench/aarch64-build/CMakeFiles/CMakeTmp']
  ignore line: [Building CXX object CMakeFiles/cmTC_c5064.dir/CMakeCXXCompilerABI.cpp.o]
  ignore line: [/home/a0500327/arm-toolchain/arm-gnu-toolchain-11.3.rel1-x86_64-aarch64-none-linux-gnu/bin/aarch64-none-linux-gnu-c++   -v -o CMakeFiles/cmTC_c5064.dir/CMakeCXXCompilerABI.cpp.o -c /usr/share/cmake-3.22/Modules/CMakeCXXCompilerABI.cpp]
  ignore line: [Using built-in specs.]
  ignore line: [COLLECT_GCC=/home/a0500327/arm-toolchain/arm-gnu-toolchain-11.3.rel1-x86_64-aarch64-none-linux-gnu/bin/aarch64-none-linux-gnu-c++]
  ignore line: [Target: aarch64-none-linux-gnu]
  ignore line: [Configured with: /data/jenkins/workspace/GNU-toolchain/arm-11/src/gcc/configure --target=aarch64-none-linux-gnu --prefix= --with-sysroot=/aarch64-none-linux-gnu/libc --with-build-sysroot=/data/jenkins/workspace/GNU-toolchain/arm-11/build-aarch64-none-linux-gnu/install//aarch64-none-linux-gnu/libc --with-bugurl=https://bugs.linaro.org/ --enable-gnu-indirect-function --enable-shared --disable-libssp --disable-libmudflap --enable-checking=release --enable-languages=c c++ fortran --with-gmp=/data/jenkins/workspace/GNU-toolchain/arm-11/build-aarch64-none-linux-gnu/host-tools --with-mpfr=/data/jenkins/workspace/GNU-toolchain/arm-11/build-aarch64-none-linux-gnu/host-tools --with-mpc=/data/jenkins/workspace/GNU-toolchain/arm-11/build-aarch64-none-linux-gnu/host-tools --with-isl=/data/jenkins/workspace/GNU-toolchain/arm-11/build-aarch64-none-linux-gnu/host-tools --enable-fix-cortex-a53-843419 --with-pkgversion='Arm GNU Toolchain 11.3.Rel1']
  ignore line: [Thread model: posix]
  ignore line: [Supported LTO compression algorithms: zlib]
  ignore line: [gcc version 11.3.1 20220712 (Arm GNU Toolchain 11.3.Rel1) ]
  ignore line: [COLLECT_GCC_OPTIONS='-v' '-o' 'CMakeFiles/cmTC_c5064.dir/CMakeCXXCompilerABI.cpp.o' '-c' '-shared-libgcc' '-mlittle-endian' '-mabi=lp64' '-dumpdir' 'CMakeFiles/cmTC_c5064.dir/']
  ignore line: [ /home/a0500327/arm-toolchain/arm-gnu-toolchain-11.3.rel1-x86_64-aarch64-none-linux-gnu/bin/../libexec/gcc/aarch64-none-linux-gnu/11.3.1/cc1plus -quiet -v -iprefix /home/a0500327/arm-toolchain/arm-gnu-toolchain-11.3.rel1-x86_64-aarch64-none-linux-gnu/bin/../lib/gcc/aarch64-none-linux-gnu/11.3.1/ -isysroot /home/a0500327/arm-toolchain/arm-gnu-toolchain-11.3.rel1-x86_64-aarch64-none-linux-gnu/bin/../aarch64-none-linux-gnu/libc -D_GNU_SOURCE /usr/share/cmake-3.22/Modules/CMakeCXXCompilerABI.cpp -quiet -dumpdir CMakeFiles/cmTC_c5064.dir/ -dumpbase CMakeCXXCompilerABI.cpp.cpp -dumpbase-ext .cpp -mlittle-endian -mabi=lp64 -version -o /tmp/ccwZ2EyH.s]
  ignore line: [GNU C++17 (Arm GNU Toolchain 11.3.Rel1) version 11.3.1 20220712 (aarch64-none-linux-gnu)]
  ignore line: [	compiled by GNU C version 4.8.5 20150623 (Red Hat 4.8.5-44)  GMP version 6.2.1  MPFR version 3.1.6  MPC version 1.0.3  isl version isl-0.15-1-g835ea3a-GMP]
  ignore line: []
  ignore line: [GGC heuristics: --param ggc-min-expand=100 --param ggc-min-heapsize=131072]
  ignore line: [ignoring duplicate directory "/home/a0500327/arm-toolchain/arm-gnu-toolchain-11.3.rel1-x86_64-aarch64-none-linux-gnu/bin/../lib/gcc/../../lib/gcc/aarch64-none-linux-gnu/11.3.1/../../../../aarch64-none-linux-gnu/include/c++/11.3.1"]
  ignore line: [ignoring duplicate directory "/home/a0500327/arm-toolchain/arm-gnu-toolchain-11.3.rel1-x86_64-aarch64-none-linux-gnu/bin/../lib/gcc/../../lib/gcc/aarch64-none-linux-gnu/11.3.1/../../../../aarch64-none-linux-gnu/include/c++/11.3.1/aarch64-none-linux-gnu"]
  ignore line: [ignoring duplicate directory "/home/a0500327/arm-toolchain/arm-gnu-toolchain-11.3.rel1-x86_64-aarch64-none-linux-gnu/bin/../lib/gcc/../../lib/gcc/aarch64-none-linux-gnu/11.3.1/../../../../aarch64-none-linux-gnu/include/c++/11.3.1/backward"]
  ignore line: [ignoring duplicate directory "/home/a0500327/arm-toolchain/arm-gnu-toolchain-11.3.rel1-x86_64-aarch64-none-linux-gnu/bin/../lib/gcc/../../lib/gcc/aarch64-none-linux-gnu/11.3.1/include"]
  ignore line: [ignoring nonexistent directory "/home/a0500327/arm-toolchain/arm-gnu-toolchain-11.3.rel1-x86_64-aarch64-none-linux-gnu/bin/../aarch64-none-linux-gnu/libc/usr/local/include"]
  ignore line: [ignoring duplicate directory "/home/a0500327/arm-toolchain/arm-gnu-toolchain-11.3.rel1-x86_64-aarch64-none-linux-gnu/bin/../lib/gcc/../../lib/gcc/aarch64-none-linux-gnu/11.3.1/include-fixed"]
  ignore line: [ignoring duplicate directory "/home/a0500327/arm-toolchain/arm-gnu-toolchain-11.3.rel1-x86_64-aarch64-none-linux-gnu/bin/../lib/gcc/../../lib/gcc/aarch64-none-linux-gnu/11.3.1/../../../../aarch64-none-linux-gnu/include"]
  ignore line: [#include "..." search starts here:]
  ignore line: [#include <...> search starts here:]
  ignore line: [ /home/a0500327/arm-toolchain/arm-gnu-toolchain-11.3.rel1-x86_64-aarch64-none-linux-gnu/bin/../lib/gcc/aarch64-none-linux-gnu/11.3.1/../../../../aarch64-none-linux-gnu/include/c++/11.3.1]
  ignore line: [ /home/a0500327/arm-toolchain/arm-gnu-toolchain-11.3.rel1-x86_64-aarch64-none-linux-gnu/bin/../lib/gcc/aarch64-none-linux-gnu/11.3.1/../../../../aarch64-none-linux-gnu/include/c++/11.3.1/aarch64-none-linux-gnu]
  ignore line: [ /home/a0500327/arm-toolchain/arm-gnu-toolchain-11.3.rel1-x86_64-aarch64-none-linux-gnu/bin/../lib/gcc/aarch64-none-linux-gnu/11.3.1/../../../../aarch64-none-linux-gnu/include/c++/11.3.1/backward]
  ignore line: [ /home/a0500327/arm-toolchain/arm-gnu-toolchain-11.3.rel1-x86_64-aarch64-none-linux-gnu/bin/../lib/gcc/aarch64-none-linux-gnu/11.3.1/include]
  ignore line: [ /home/a0500327/arm-toolchain/arm-gnu-toolchain-11.3.rel1-x86_64-aarch64-none-linux-gnu/bin/../lib/gcc/aarch64-none-linux-gnu/11.3.1/include-fixed]
  ignore line: [ /home/a0500327/arm-toolchain/arm-gnu-toolchain-11.3.rel1-x86_64-aarch64-none-linux-gnu/bin/../lib/gcc/aarch64-none-linux-gnu/11.3.1/../../../../aarch64-none-linux-gnu/include]
  ignore line: [ /home/a0500327/arm-toolchain/arm-gnu-toolchain-11.3.rel1-x86_64-aarch64-none-linux-gnu/bin/../aarch64-none-linux-gnu/libc/usr/include]
  ignore line: [End of search list.]
  ignore line: [GNU C++17 (Arm GNU Toolchain 11.3.Rel1) version 11.3.1 20220712 (aarch64-none-linux-gnu)]
  ignore line: [	compiled by GNU C version 4.8.5 20150623 (Red Hat 4.8.5-44)  GMP version 6.2.1  MPFR version 3.1.6  MPC version 1.0.3  isl version isl-0.15-1-g835ea3a-GMP]
  ignore line: []
  ignore line: [GGC heuristics: --param ggc-min-expand=100 --param ggc-min-heapsize=131072]
  ignore line: [Compiler executable checksum: ac222108a8001220746d42f988e4095d]
  ignore line: [COLLECT_GCC_OPTIONS='-v' '-o' 'CMakeFiles/cmTC_c5064.dir/CMakeCXXCompilerABI.cpp.o' '-c' '-shared-libgcc' '-mlittle-endian' '-mabi=lp64' '-dumpdir' 'CMakeFiles/cmTC_c5064.dir/']
  ignore line: [ /home/a0500327/arm-toolchain/arm-gnu-toolchain-11.3.rel1-x86_64-aarch64-none-linux-gnu/bin/../lib/gcc/aarch64-none-linux-gnu/11.3.1/../../../../aarch64-none-linux-gnu/bin/as -v -EL -mabi=lp64 -o CMakeFiles/cmTC_c5064.dir/CMakeCXXCompilerABI.cpp.o /tmp/ccwZ2EyH.s]
  ignore line: [GNU assembler version 2.38 (aarch64-none-linux-gnu) using BFD version (Arm GNU Toolchain 11.3.Rel1) 2.38.20220708]
  ignore line: [COMPILER_PATH=/home/a0500327/arm-toolchain/arm-gnu-toolchain-11.3.rel1-x86_64-aarch64-none-linux-gnu/bin/../libexec/gcc/aarch64-none-linux-gnu/11.3.1/:/home/a0500327/arm-toolchain/arm-gnu-toolchain-11.3.rel1-x86_64-aarch64-none-linux-gnu/bin/../libexec/gcc/:/home/a0500327/arm-toolchain/arm-gnu-toolchain-11.3.rel1-x86_64-aarch64-none-linux-gnu/bin/../lib/gcc/aarch64-none-linux-gnu/11.3.1/../../../../aarch64-none-linux-gnu/bin/]
  ignore line: [LIBRARY_PATH=/home/a0500327/arm-toolchain/arm-gnu-toolchain-11.3.rel1-x86_64-aarch64-none-linux-gnu/bin/../lib/gcc/aarch64-none-linux-gnu/11.3.1/:/home/a0500327/arm-toolchain/arm-gnu-toolchain-11.3.rel1-x86_64-aarch64-none-linux-gnu/bin/../lib/gcc/:/home/a0500327/arm-toolchain/arm-gnu-toolchain-11.3.rel1-x86_64-aarch64-none-linux-gnu/bin/../lib/gcc/aarch64-none-linux-gnu/11.3.1/../../../../aarch64-none-linux-gnu/lib/../lib64/:/home/a0500327/arm-toolchain/arm-gnu-toolchain-11.3.rel1-x86_64-aarch64-none-linux-gnu/bin/../aarch64-none-linux-gnu/libc/lib/../lib64/:/home/a0500327/arm-toolchain/arm-gnu-toolchain-11.3.rel1-x86_64-aarch64-none-linux-gnu/bin/../aarch64-none-linux-gnu/libc/usr/lib/../lib64/:/home/a0500327/arm-toolchain/arm-gnu-toolchain-11.3.rel1-x86_64-aarch64-none-linux-gnu/bin/../lib/gcc/aarch64-none-linux-gnu/11.3.1/../../../../aarch64-none-linux-gnu/lib/:/home/a0500327/arm-toolchain/arm-gnu-toolchain-11.3.rel1-x86_64-aarch64-none-linux-gnu/bin/../aarch64-none-linux-gnu/libc/lib/:/home/a0500327/arm-toolchain/arm-gnu-toolchain-11.3.rel1-x86_64-aarch64-none-linux-gnu/bin/../aarch64-none-linux-gnu/libc/usr/lib/]
  ignore line: [COLLECT_GCC_OPTIONS='-v' '-o' 'CMakeFiles/cmTC_c5064.dir/CMakeCXXCompilerABI.cpp.o' '-c' '-shared-libgcc' '-mlittle-endian' '-mabi=lp64' '-dumpdir' 'CMakeFiles/cmTC_c5064.dir/CMakeCXXCompilerABI.cpp.']
  ignore line: [Linking CXX executable cmTC_c5064]
  ignore line: [/usr/bin/cmake -E cmake_link_script CMakeFiles/cmTC_c5064.dir/link.txt --verbose=1]
  ignore line: [/home/a0500327/arm-toolchain/arm-gnu-toolchain-11.3.rel1-x86_64-aarch64-none-linux-gnu/bin/aarch64-none-linux-gnu-c++  -v CMakeFiles/cmTC_c5064.dir/CMakeCXXCompilerABI.cpp.o -o cmTC_c5064 ]
  ignore line: [Using built-in specs.]
  ignore line: [COLLECT_GCC=/home/a0500327/arm-toolchain/arm-gnu-toolchain-11.3.rel1-x86_64-aarch64-none-linux-gnu/bin/aarch64-none-linux-gnu-c++]
  ignore line: [COLLECT_LTO_WRAPPER=/home/a0500327/arm-toolchain/arm-gnu-toolchain-11.3.rel1-x86_64-aarch64-none-linux-gnu/bin/../libexec/gcc/aarch64-none-linux-gnu/11.3.1/lto-wrapper]
  ignore line: [Target: aarch64-none-linux-gnu]
  ignore line: [Configured with: /data/jenkins/workspace/GNU-toolchain/arm-11/src/gcc/configure --target=aarch64-none-linux-gnu --prefix= --with-sysroot=/aarch64-none-linux-gnu/libc --with-build-sysroot=/data/jenkins/workspace/GNU-toolchain/arm-11/build-aarch64-none-linux-gnu/install//aarch64-none-linux-gnu/libc --with-bugurl=https://bugs.linaro.org/ --enable-gnu-indirect-function --enable-shared --disable-libssp --disable-libmudflap --enable-checking=release --enable-languages=c c++ fortran --with-gmp=/data/jenkins/workspace/GNU-toolchain/arm-11/build-aarch64-none-linux-gnu/host-tools --with-mpfr=/data/jenkins/workspace/GNU-toolchain/arm-11/build-aarch64-none-linux-gnu/host-tools --with-mpc=/data/jenkins/workspace/GNU-toolchain/arm-11/build-aarch64-none-linux-gnu/host-tools --with-isl=/data/jenkins/workspace/GNU-toolchain/arm-11/build-aarch64-none-linux-gnu/host-tools --enable-fix-cortex-a53-843419 --with-pkgversion='Arm GNU Toolchain 11.3.Rel1']
  ignore line: [Thread model: posix]
  ignore line: [Supported LTO compression algorithms: zlib]
  ignore line: [gcc version 11.3.1 20220712 (Arm GNU Toolchain 11.3.Rel1) ]
  ignore line: [COMPILER_PATH=/home/a0500327/arm-toolchain/arm-gnu-toolchain-11.3.rel1-x86_64-aarch64-none-linux-gnu/bin/../libexec/gcc/aarch64-none-linux-gnu/11.3.1/:/home/a0500327/arm-toolchain/arm-gnu-toolchain-11.3.rel1-x86_64-aarch64-none-linux-gnu/bin/../libexec/gcc/:/home/a0500327/arm-toolchain/arm-gnu-toolchain-11.3.rel1-x86_64-aarch64-none-linux-gnu/bin/../lib/gcc/aarch64-none-linux-gnu/11.3.1/../../../../aarch64-none-linux-gnu/bin/]
  ignore line: [LIBRARY_PATH=/home/a0500327/arm-toolchain/arm-gnu-toolchain-11.3.rel1-x86_64-aarch64-none-linux-gnu/bin/../lib/gcc/aarch64-none-linux-gnu/11.3.1/:/home/a0500327/arm-toolchain/arm-gnu-toolchain-11.3.rel1-x86_64-aarch64-none-linux-gnu/bin/../lib/gcc/:/home/a0500327/arm-toolchain/arm-gnu-toolchain-11.3.rel1-x86_64-aarch64-none-linux-gnu/bin/../lib/gcc/aarch64-none-linux-gnu/11.3.1/../../../../aarch64-none-linux-gnu/lib/../lib64/:/home/a0500327/arm-toolchain/arm-gnu-toolchain-11.3.rel1-x86_64-aarch64-none-linux-gnu/bin/../aarch64-none-linux-gnu/libc/lib/../lib64/:/home/a0500327/arm-toolchain/arm-gnu-toolchain-11.3.rel1-x86_64-aarch64-none-linux-gnu/bin/../aarch64-none-linux-gnu/libc/usr/lib/../lib64/:/home/a0500327/arm-toolchain/arm-gnu-toolchain-11.3.rel1-x86_64-aarch64-none-linux-gnu/bin/../lib/gcc/aarch64-none-linux-gnu/11.3.1/../../../../aarch64-none-linux-gnu/lib/:/home/a0500327/arm-toolchain/arm-gnu-toolchain-11.3.rel1-x86_64-aarch64-none-linux-gnu/bin/../aarch64-none-linux-gnu/libc/lib/:/home/a0500327/arm-toolchain/arm-gnu-toolchain-11.3.rel1-x86_64-aarch64-none-linux-gnu/bin/../aarch64-none-linux-gnu/libc/usr/lib/]
  ignore line: [COLLECT_GCC_OPTIONS='-v' '-o' 'cmTC_c5064' '-shared-libgcc' '-mlittle-endian' '-mabi=lp64' '-dumpdir' 'cmTC_c5064.']
  link line: [ /home/a0500327/arm-toolchain/arm-gnu-toolchain-11.3.rel1-x86_64-aarch64-none-linux-gnu/bin/../libexec/gcc/aarch64-none-linux-gnu/11.3.1/collect2 -plugin /home/a0500327/arm-toolchain/arm-gnu-toolchain-11.3.rel1-x86_64-aarch64-none-linux-gnu/bin/../libexec/gcc/aarch64-none-linux-gnu/11.3.1/liblto_plugin.so -plugin-opt=/home/a0500327/arm-toolchain/arm-gnu-toolchain-11.3.rel1-x86_64-aarch64-none-linux-gnu/bin/../libexec/gcc/aarch64-none-linux-gnu/11.3.1/lto-wrapper -plugin-opt=-fresolution=/tmp/ccdZ2XvH.res -plugin-opt=-pass-through=-lgcc_s -plugin-opt=-pass-through=-lgcc -plugin-opt=-pass-through=-lc -plugin-opt=-pass-through=-lgcc_s -plugin-opt=-pass-through=-lgcc --sysroot=/home/a0500327/arm-toolchain/arm-gnu-toolchain-11.3.rel1-x86_64-aarch64-none-linux-gnu/bin/../aarch64-none-linux-gnu/libc --eh-frame-hdr -dynamic-linker /lib/ld-linux-aarch64.so.1 -X -EL -maarch64linux --fix-cortex-a53-843419 -o cmTC_c5064 /home/a0500327/arm-toolchain/arm-gnu-toolchain-11.3.rel1-x86_64-aarch64-none-linux-gnu/bin/../aarch64-none-linux-gnu/libc/usr/lib/../lib64/crt1.o /home/a0500327/arm-toolchain/arm-gnu-toolchain-11.3.rel1-x86_64-aarch64-none-linux-gnu/bin/../aarch64-none-linux-gnu/libc/usr/lib/../lib64/crti.o /home/a0500327/arm-toolchain/arm-gnu-toolchain-11.3.rel1-x86_64-aarch64-none-linux-gnu/bin/../lib/gcc/aarch64-none-linux-gnu/11.3.1/crtbegin.o -L/home/a0500327/arm-toolchain/arm-gnu-toolchain-11.3.rel1-x86_64-aarch64-none-linux-gnu/bin/../lib/gcc/aarch64-none-linux-gnu/11.3.1 -L/home/a0500327/arm-toolchain/arm-gnu-toolchain-11.3.rel1-x86_64-aarch64-none-linux-gnu/bin/../lib/gcc -L/home/a0500327/arm-toolchain/arm-gnu-toolchain-11.3.rel1-x86_64-aarch64-none-linux-gnu/bin/../lib/gcc/aarch64-none-linux-gnu/11.3.1/../../../../aarch64-none-linux-gnu/lib/../lib64 -L/home/a0500327/arm-toolchain/arm-gnu-toolchain-11.3.rel1-x86_64-aarch64-none-linux-gnu/bin/../aarch64-none-linux-gnu/libc/lib/../lib64 -L/home/a0500327/arm-toolchain/arm-gnu-toolchain-11.3.rel1-x86_64-aarch64-none-linux-gnu/bin/../aarch64-none-linux-gnu/libc/usr/lib/../lib64 -L/home/a0500327/arm-toolchain/arm-gnu-toolchain-11.3.rel1-x86_64-aarch64-none-linux-gnu/bin/../lib/gcc/aarch64-none-linux-gnu/11.3.1/../../../../aarch64-none-linux-gnu/lib -L/home/a0500327/arm-toolchain/arm-gnu-toolchain-11.3.rel1-x86_64-aarch64-none-linux-gnu/bin/../aarch64-none-linux-gnu/libc/lib -L/home/a0500327/arm-toolchain/arm-gnu-toolchain-11.3.rel1-x86_64-aarch64-none-linux-gnu/bin/../aarch64-none-linux-gnu/libc/usr/lib CMakeFiles/cmTC_c5064.dir/CMakeCXXCompilerABI.cpp.o -lstdc++ -lm -lgcc_s -lgcc -lc -lgcc_s -lgcc /home/a0500327/arm-toolchain/arm-gnu-toolchain-11.3.rel1-x86_64-aarch64-none-linux-gnu/bin/../lib/gcc/aarch64-none-linux-gnu/11.3.1/crtend.o /home/a0500327/arm-toolchain/arm-gnu-toolchain-11.3.rel1-x86_64-aarch64-none-linux-gnu/bin/../aarch64-none-linux-gnu/libc/usr/lib/../lib64/crtn.o]
    arg [/home/a0500327/arm-toolchain/arm-gnu-toolchain-11.3.rel1-x86_64-aarch64-none-linux-gnu/bin/../libexec/gcc/aarch64-none-linux-gnu/11.3.1/collect2] ==> ignore
    arg [-plugin] ==> ignore
    arg [/home/a0500327/arm-toolchain/arm-gnu-toolchain-11.3.rel1-x86_64-aarch64-none-linux-gnu/bin/../libexec/gcc/aarch64-none-linux-gnu/11.3.1/liblto_plugin.so] ==> ignore
    arg [-plugin-opt=/home/a0500327/arm-toolchain/arm-gnu-toolchain-11.3.rel1-x86_64-aarch64-none-linux-gnu/bin/../libexec/gcc/aarch64-none-linux-gnu/11.3.1/lto-wrapper] ==> ignore
    arg [-plugin-opt=-fresolution=/tmp/ccdZ2XvH.res] ==> ignore
    arg [-plugin-opt=-pass-through=-lgcc_s] ==> ignore
    arg [-plugin-opt=-pass-through=-lgcc] ==> ignore
    arg [-plugin-opt=-pass-through=-lc] ==> ignore
    arg [-plugin-opt=-pass-through=-lgcc_s] ==> ignore
    arg [-plugin-opt=-pass-through=-lgcc] ==> ignore
    arg [--sysroot=/home/a0500327/arm-toolchain/arm-gnu-toolchain-11.3.rel1-x86_64-aarch64-none-linux-gnu/bin/../aarch64-none-linux-gnu/libc] ==> ignore
    arg [--eh-frame-hdr] ==> ignore
    arg [-dynamic-linker] ==> ignore
    arg [/lib/ld-linux-aarch64.so.1] ==> ignore
    arg [-X] ==> ignore
    arg [-EL] ==> ignore
    arg [-maarch64linux] ==> ignore
    arg [--fix-cortex-a53-843419] ==> ignore
    arg [-o] ==> ignore
    arg [cmTC_c5064] ==> ignore
    arg [/home/a0500327/arm-toolchain/arm-gnu-toolchain-11.3.rel1-x86_64-aarch64-none-linux-gnu/bin/../aarch64-none-linux-gnu/libc/usr/lib/../lib64/crt1.o] ==> obj [/home/a0500327/arm-toolchain/arm-gnu-toolchain-11.3.rel1-x86_64-aarch64-none-linux-gnu/bin/../aarch64-none-linux-gnu/libc/usr/lib/../lib64/crt1.o]
    arg [/home/a0500327/arm-toolchain/arm-gnu-toolchain-11.3.rel1-x86_64-aarch64-none-linux-gnu/bin/../aarch64-none-linux-gnu/libc/usr/lib/../lib64/crti.o] ==> obj [/home/a0500327/arm-toolchain/arm-gnu-toolchain-11.3.rel1-x86_64-aarch64-none-linux-gnu/bin/../aarch64-none-linux-gnu/libc/usr/lib/../lib64/crti.o]
    arg [/home/a0500327/arm-toolchain/arm-gnu-toolchain-11.3.rel1-x86_64-aarch64-none-linux-gnu/bin/../lib/gcc/aarch64-none-linux-gnu/11.3.1/crtbegin.o] ==> obj [/home/a0500327/arm-toolchain/arm-gnu-toolchain-11.3.rel1-x86_64-aarch64-none-linux-gnu/bin/../lib/gcc/aarch64-none-linux-gnu/11.3.1/crtbegin.o]
    arg [-L/home/a0500327/arm-toolchain/arm-gnu-toolchain-11.3.rel1-x86_64-aarch64-none-linux-gnu/bin/../lib/gcc/aarch64-none-linux-gnu/11.3.1] ==> dir [/home/a0500327/arm-toolchain/arm-gnu-toolchain-11.3.rel1-x86_64-aarch64-none-linux-gnu/bin/../lib/gcc/aarch64-none-linux-gnu/11.3.1]
    arg [-L/home/a0500327/arm-toolchain/arm-gnu-toolchain-11.3.rel1-x86_64-aarch64-none-linux-gnu/bin/../lib/gcc] ==> dir [/home/a0500327/arm-toolchain/arm-gnu-toolchain-11.3.rel1-x86_64-aarch64-none-linux-gnu/bin/../lib/gcc]
    arg [-L/home/a0500327/arm-toolchain/arm-gnu-toolchain-11.3.rel1-x86_64-aarch64-none-linux-gnu/bin/../lib/gcc/aarch64-none-linux-gnu/11.3.1/../../../../aarch64-none-linux-gnu/lib/../lib64] ==> dir [/home/a0500327/arm-toolchain/arm-gnu-toolchain-11.3.rel1-x86_64-aarch64-none-linux-gnu/bin/../lib/gcc/aarch64-none-linux-gnu/11.3.1/../../../../aarch64-none-linux-gnu/lib/../lib64]
    arg [-L/home/a0500327/arm-toolchain/arm-gnu-toolchain-11.3.rel1-x86_64-aarch64-none-linux-gnu/bin/../aarch64-none-linux-gnu/libc/lib/../lib64] ==> dir [/home/a0500327/arm-toolchain/arm-gnu-toolchain-11.3.rel1-x86_64-aarch64-none-linux-gnu/bin/../aarch64-none-linux-gnu/libc/lib/../lib64]
    arg [-L/home/a0500327/arm-toolchain/arm-gnu-toolchain-11.3.rel1-x86_64-aarch64-none-linux-gnu/bin/../aarch64-none-linux-gnu/libc/usr/lib/../lib64] ==> dir [/home/a0500327/arm-toolchain/arm-gnu-toolchain-11.3.rel1-x86_64-aarch64-none-linux-gnu/bin/../aarch64-none-linux-gnu/libc/usr/lib/../lib64]
    arg [-L/home/a0500327/arm-toolchain/arm-gnu-toolchain-11.3.rel1-x86_64-aarch64-none-linux-gnu/bin/../lib/gcc/aarch64-none-linux-gnu/11.3.1/../../../../aarch64-none-linux-gnu/lib] ==> dir [/home/a0500327/arm-toolchain/arm-gnu-toolchain-11.3.rel1-x86_64-aarch64-none-linux-gnu/bin/../lib/gcc/aarch64-none-linux-gnu/11.3.1/../../../../aarch64-none-linux-gnu/lib]
    arg [-L/home/a0500327/arm-toolchain/arm-gnu-toolchain-11.3.rel1-x86_64-aarch64-none-linux-gnu/bin/../aarch64-none-linux-gnu/libc/lib] ==> dir [/home/a0500327/arm-toolchain/arm-gnu-toolchain-11.3.rel1-x86_64-aarch64-none-linux-gnu/bin/../aarch64-none-linux-gnu/libc/lib]
    arg [-L/home/a0500327/arm-toolchain/arm-gnu-toolchain-11.3.rel1-x86_64-aarch64-none-linux-gnu/bin/../aarch64-none-linux-gnu/libc/usr/lib] ==> dir [/home/a0500327/arm-toolchain/arm-gnu-toolchain-11.3.rel1-x86_64-aarch64-none-linux-gnu/bin/../aarch64-none-linux-gnu/libc/usr/lib]
    arg [CMakeFiles/cmTC_c5064.dir/CMakeCXXCompilerABI.cpp.o] ==> ignore
    arg [-lstdc++] ==> lib [stdc++]
    arg [-lm] ==> lib [m]
    arg [-lgcc_s] ==> lib [gcc_s]
    arg [-lgcc] ==> lib [gcc]
    arg [-lc] ==> lib [c]
    arg [-lgcc_s] ==> lib [gcc_s]
    arg [-lgcc] ==> lib [gcc]
    arg [/home/a0500327/arm-toolchain/arm-gnu-toolchain-11.3.rel1-x86_64-aarch64-none-linux-gnu/bin/../lib/gcc/aarch64-none-linux-gnu/11.3.1/crtend.o] ==> obj [/home/a0500327/arm-toolchain/arm-gnu-toolchain-11.3.rel1-x86_64-aarch64-none-linux-gnu/bin/../lib/gcc/aarch64-none-linux-gnu/11.3.1/crtend.o]
    arg [/home/a0500327/arm-toolchain/arm-gnu-toolchain-11.3.rel1-x86_64-aarch64-none-linux-gnu/bin/../aarch64-none-linux-gnu/libc/usr/lib/../lib64/crtn.o] ==> obj [/home/a0500327/arm-toolchain/arm-gnu-toolchain-11.3.rel1-x86_64-aarch64-none-linux-gnu/bin/../aarch64-none-linux-gnu/libc/usr/lib/../lib64/crtn.o]
  collapse obj [/home/a0500327/arm-toolchain/arm-gnu-toolchain-11.3.rel1-x86_64-aarch64-none-linux-gnu/bin/../aarch64-none-linux-gnu/libc/usr/lib/../lib64/crt1.o] ==> [/home/a0500327/arm-toolchain/arm-gnu-toolchain-11.3.rel1-x86_64-aarch64-none-linux-gnu/aarch64-none-linux-gnu/libc/usr/lib64/crt1.o]
  collapse obj [/home/a0500327/arm-toolchain/arm-gnu-toolchain-11.3.rel1-x86_64-aarch64-none-linux-gnu/bin/../aarch64-none-linux-gnu/libc/usr/lib/../lib64/crti.o] ==> [/home/a0500327/arm-toolchain/arm-gnu-toolchain-11.3.rel1-x86_64-aarch64-none-linux-gnu/aarch64-none-linux-gnu/libc/usr/lib64/crti.o]
  collapse obj [/home/a0500327/arm-toolchain/arm-gnu-toolchain-11.3.rel1-x86_64-aarch64-none-linux-gnu/bin/../lib/gcc/aarch64-none-linux-gnu/11.3.1/crtbegin.o] ==> [/home/a0500327/arm-toolchain/arm-gnu-toolchain-11.3.rel1-x86_64-aarch64-none-linux-gnu/lib/gcc/aarch64-none-linux-gnu/11.3.1/crtbegin.o]
  collapse obj [/home/a0500327/arm-toolchain/arm-gnu-toolchain-11.3.rel1-x86_64-aarch64-none-linux-gnu/bin/../lib/gcc/aarch64-none-linux-gnu/11.3.1/crtend.o] ==> [/home/a0500327/arm-toolchain/arm-gnu-toolchain-11.3.rel1-x86_64-aarch64-none-linux-gnu/lib/gcc/aarch64-none-linux-gnu/11.3.1/crtend.o]
  collapse obj [/home/a0500327/arm-toolchain/arm-gnu-toolchain-11.3.rel1-x86_64-aarch64-none-linux-gnu/bin/../aarch64-none-linux-gnu/libc/usr/lib/../lib64/crtn.o] ==> [/home/a0500327/arm-toolchain/arm-gnu-toolchain-11.3.rel1-x86_64-aarch64-none-linux-gnu/aarch64-none-linux-gnu/libc/usr/lib64/crtn.o]
  collapse library dir [/home/a0500327/arm-toolchain/arm-gnu-toolchain-11.3.rel1-x86_64-aarch64-none-linux-gnu/bin/../lib/gcc/aarch64-none-linux-gnu/11.3.1] ==> [/home/a0500327/arm-toolchain/arm-gnu-toolchain-11.3.rel1-x86_64-aarch64-none-linux-gnu/lib/gcc/aarch64-none-linux-gnu/11.3.1]
  collapse library dir [/home/a0500327/arm-toolchain/arm-gnu-toolchain-11.3.rel1-x86_64-aarch64-none-linux-gnu/bin/../lib/gcc] ==> [/home/a0500327/arm-toolchain/arm-gnu-toolchain-11.3.rel1-x86_64-aarch64-none-linux-gnu/lib/gcc]
  collapse library dir [/home/a0500327/arm-toolchain/arm-gnu-toolchain-11.3.rel1-x86_64-aarch64-none-linux-gnu/bin/../lib/gcc/aarch64-none-linux-gnu/11.3.1/../../../../aarch64-none-linux-gnu/lib/../lib64] ==> [/home/a0500327/arm-toolchain/arm-gnu-toolchain-11.3.rel1-x86_64-aarch64-none-linux-gnu/aarch64-none-linux-gnu/lib64]
  collapse library dir [/home/a0500327/arm-toolchain/arm-gnu-toolchain-11.3.rel1-x86_64-aarch64-none-linux-gnu/bin/../aarch64-none-linux-gnu/libc/lib/../lib64] ==> [/home/a0500327/arm-toolchain/arm-gnu-toolchain-11.3.rel1-x86_64-aarch64-none-linux-gnu/aarch64-none-linux-gnu/libc/lib64]
  collapse library dir [/home/a0500327/arm-toolchain/arm-gnu-toolchain-11.3.rel1-x86_64-aarch64-none-linux-gnu/bin/../aarch64-none-linux-gnu/libc/usr/lib/../lib64] ==> [/home/a0500327/arm-toolchain/arm-gnu-toolchain-11.3.rel1-x86_64-aarch64-none-linux-gnu/aarch64-none-linux-gnu/libc/usr/lib64]
  collapse library dir [/home/a0500327/arm-toolchain/arm-gnu-toolchain-11.3.rel1-x86_64-aarch64-none-linux-gnu/bin/../lib/gcc/aarch64-none-linux-gnu/11.3.1/../../../../aarch64-none-linux-gnu/lib] ==> [/home/a0500327/arm-toolchain/arm-gnu-toolchain-11.3.rel1-x86_64-aarch64-none-linux-gnu/aarch64-none-linux-gnu/lib]
  collapse library dir [/home/a0500327/arm-toolchain/arm-gnu-toolchain-11.3.rel1-x86_64-aarch64-none-linux-gnu/bin/../aarch64-none-linux-gnu/libc/lib] ==> [/home/a0500327/arm-toolchain/arm-gnu-toolchain-11.3.rel1-x86_64-aarch64-none-linux-gnu/aarch64-none-linux-gnu/libc/lib]
  collapse library dir [/home/a0500327/arm-toolchain/arm-gnu-toolchain-11.3.rel1-x86_64-aarch64-none-linux-gnu/bin/../aarch64-none-linux-gnu/libc/usr/lib] ==> [/home/a0500327/arm-toolchain/arm-gnu-toolchain-11.3.rel1-x86_64-aarch64-none-linux-gnu/aarch64-none-linux-gnu/libc/usr/lib]
  implicit libs: [stdc++;m;gcc_s;gcc;c;gcc_s;gcc]
  implicit objs: [/home/a0500327/arm-toolchain/arm-gnu-toolchain-11.3.rel1-x86_64-aarch64-none-linux-gnu/aarch64-none-linux-gnu/libc/usr/lib64/crt1.o;/home/a0500327/arm-toolchain/arm-gnu-toolchain-11.3.rel1-x86_64-aarch64-none-linux-gnu/aarch64-none-linux-gnu/libc/usr/lib64/crti.o;/home/a0500327/arm-toolchain/arm-gnu-toolchain-11.3.rel1-x86_64-aarch64-none-linux-gnu/lib/gcc/aarch64-none-linux-gnu/11.3.1/crtbegin.o;/home/a0500327/arm-toolchain/arm-gnu-toolchain-11.3.rel1-x86_64-aarch64-none-linux-gnu/lib/gcc/aarch64-none-linux-gnu/11.3.1/crtend.o;/home/a0500327/arm-toolchain/arm-gnu-toolchain-11.3.rel1-x86_64-aarch64-none-linux-gnu/aarch64-none-linux-gnu/libc/usr/lib64/crtn.o]
  implicit dirs: [/home/a0500327/arm-toolchain/arm-gnu-toolchain-11.3.rel1-x86_64-aarch64-none-linux-gnu/lib/gcc/aarch64-none-linux-gnu/11.3.1;/home/a0500327/arm-toolchain/arm-gnu-toolchain-11.3.rel1-x86_64-aarch64-none-linux-gnu/lib/gcc;/home/a0500327/arm-toolchain/arm-gnu-toolchain-11.3.rel1-x86_64-aarch64-none-linux-gnu/aarch64-none-linux-gnu/lib64;/home/a0500327/arm-toolchain/arm-gnu-toolchain-11.3.rel1-x86_64-aarch64-none-linux-gnu/aarch64-none-linux-gnu/libc/lib64;/home/a0500327/arm-toolchain/arm-gnu-toolchain-11.3.rel1-x86_64-aarch64-none-linux-gnu/aarch64-none-linux-gnu/libc/usr/lib64;/home/a0500327/arm-toolchain/arm-gnu-toolchain-11.3.rel1-x86_64-aarch64-none-linux-gnu/aarch64-none-linux-gnu/lib;/home/a0500327/arm-toolchain/arm-gnu-toolchain-11.3.rel1-x86_64-aarch64-none-linux-gnu/aarch64-none-linux-gnu/libc/lib;/home/a0500327/arm-toolchain/arm-gnu-toolchain-11.3.rel1-x86_64-aarch64-none-linux-gnu/aarch64-none-linux-gnu/libc/usr/lib]
  implicit fwks: []


Determining if the include file pthread.h exists passed with the following output:
Change Dir: /home/a0500327/Documents/rtc-testbench/RTC-Testbench/aarch64-build/CMakeFiles/CMakeTmp

Run Build Command(s):/usr/bin/gmake -f Makefile cmTC_4bd97/fast && /usr/bin/gmake  -f CMakeFiles/cmTC_4bd97.dir/build.make CMakeFiles/cmTC_4bd97.dir/build
gmake[1]: Entering directory '/home/a0500327/Documents/rtc-testbench/RTC-Testbench/aarch64-build/CMakeFiles/CMakeTmp'
Building C object CMakeFiles/cmTC_4bd97.dir/CheckIncludeFile.c.o
/home/a0500327/arm-toolchain/arm-gnu-toolchain-11.3.rel1-x86_64-aarch64-none-linux-gnu/bin/aarch64-none-linux-gnu-gcc    -o CMakeFiles/cmTC_4bd97.dir/CheckIncludeFile.c.o -c /home/a0500327/Documents/rtc-testbench/RTC-Testbench/aarch64-build/CMakeFiles/CMakeTmp/CheckIncludeFile.c
Linking C executable cmTC_4bd97
/usr/bin/cmake -E cmake_link_script CMakeFiles/cmTC_4bd97.dir/link.txt --verbose=1
/home/a0500327/arm-toolchain/arm-gnu-toolchain-11.3.rel1-x86_64-aarch64-none-linux-gnu/bin/aarch64-none-linux-gnu-gcc CMakeFiles/cmTC_4bd97.dir/CheckIncludeFile.c.o -o cmTC_4bd97 
gmake[1]: Leaving directory '/home/a0500327/Documents/rtc-testbench/RTC-Testbench/aarch64-build/CMakeFiles/CMakeTmp'



Performing C SOURCE FILE Test CMAKE_HAVE_LIBC_PTHREAD succeeded with the following output:
Change Dir: /home/a0500327/Documents/rtc-testbench/RTC-Testbench/aarch64-build/CMakeFiles/CMakeTmp

Run Build Command(s):/usr/bin/gmake -f Makefile cmTC_c738a/fast && /usr/bin/gmake  -f CMakeFiles/cmTC_c738a.dir/build.make CMakeFiles/cmTC_c738a.dir/build
gmake[1]: Entering directory '/home/a0500327/Documents/rtc-testbench/RTC-Testbench/aarch64-build/CMakeFiles/CMakeTmp'
Building C object CMakeFiles/cmTC_c738a.dir/src.c.o
/home/a0500327/arm-toolchain/arm-gnu-toolchain-11.3.rel1-x86_64-aarch64-none-linux-gnu/bin/aarch64-none-linux-gnu-gcc -DCMAKE_HAVE_LIBC_PTHREAD   -o CMakeFiles/cmTC_c738a.dir/src.c.o -c /home/a0500327/Documents/rtc-testbench/RTC-Testbench/aarch64-build/CMakeFiles/CMakeTmp/src.c
Linking C executable cmTC_c738a
/usr/bin/cmake -E cmake_link_script CMakeFiles/cmTC_c738a.dir/link.txt --verbose=1
/home/a0500327/arm-toolchain/arm-gnu-toolchain-11.3.rel1-x86_64-aarch64-none-linux-gnu/bin/aarch64-none-linux-gnu-gcc CMakeFiles/cmTC_c738a.dir/src.c.o -o cmTC_c738a 
gmake[1]: Leaving directory '/home/a0500327/Documents/rtc-testbench/RTC-Testbench/aarch64-build/CMakeFiles/CMakeTmp'


Source file was:
#include <pthread.h>

static void* test_func(void* data)
{
  return data;
}

int main(void)
{
  pthread_t thread;
  pthread_create(&thread, NULL, test_func, NULL);
  pthread_detach(thread);
  pthread_cancel(thread);
  pthread_join(thread, NULL);
  pthread_atfork(NULL, NULL, NULL);
  pthread_exit(NULL);

  return 0;
}

Determining if the SO_BUSY_POLL exist passed with the following output:
Change Dir: /home/a0500327/Documents/rtc-testbench/RTC-Testbench/aarch64-build/CMakeFiles/CMakeTmp

Run Build Command(s):/usr/bin/gmake -f Makefile cmTC_777f8/fast && /usr/bin/gmake  -f CMakeFiles/cmTC_777f8.dir/build.make CMakeFiles/cmTC_777f8.dir/build
gmake[1]: Entering directory '/home/a0500327/Documents/rtc-testbench/RTC-Testbench/aarch64-build/CMakeFiles/CMakeTmp'
Building C object CMakeFiles/cmTC_777f8.dir/CheckSymbolExists.c.o
/home/a0500327/arm-toolchain/arm-gnu-toolchain-11.3.rel1-x86_64-aarch64-none-linux-gnu/bin/aarch64-none-linux-gnu-gcc    -o CMakeFiles/cmTC_777f8.dir/CheckSymbolExists.c.o -c /home/a0500327/Documents/rtc-testbench/RTC-Testbench/aarch64-build/CMakeFiles/CMakeTmp/CheckSymbolExists.c
Linking C executable cmTC_777f8
/usr/bin/cmake -E cmake_link_script CMakeFiles/cmTC_777f8.dir/link.txt --verbose=1
/home/a0500327/arm-toolchain/arm-gnu-toolchain-11.3.rel1-x86_64-aarch64-none-linux-gnu/bin/aarch64-none-linux-gnu-gcc CMakeFiles/cmTC_777f8.dir/CheckSymbolExists.c.o -o cmTC_777f8 
gmake[1]: Leaving directory '/home/a0500327/Documents/rtc-testbench/RTC-Testbench/aarch64-build/CMakeFiles/CMakeTmp'


File /home/a0500327/Documents/rtc-testbench/RTC-Testbench/aarch64-build/CMakeFiles/CMakeTmp/CheckSymbolExists.c:
/* */
#include <sys/socket.h>

int main(int argc, char** argv)
{
  (void)argv;
#ifndef SO_BUSY_POLL
  return ((int*)(&SO_BUSY_POLL))[argc];
#else
  (void)argc;
  return 0;
#endif
}
