Determining if the XDP_TXMD_FLAGS_LAUNCH_TIME exist failed with the following output:
Change Dir: /home/a0500327/Documents/rtc-testbench/RTC-Testbench/build/CMakeFiles/CMakeTmp

Run Build Command(s):/usr/bin/gmake -f Makefile cmTC_d697b/fast && /usr/bin/gmake  -f CMakeFiles/cmTC_d697b.dir/build.make CMakeFiles/cmTC_d697b.dir/build
gmake[1]: Entering directory '/home/a0500327/Documents/rtc-testbench/RTC-Testbench/build/CMakeFiles/CMakeTmp'
Building C object CMakeFiles/cmTC_d697b.dir/CheckSymbolExists.c.o
/usr/bin/cc   -DBPF_F_XDP_DEV_BOUND_ONLY=0x40  -o CMakeFiles/cmTC_d697b.dir/CheckSymbolExists.c.o -c /home/a0500327/Documents/rtc-testbench/RTC-Testbench/build/CMakeFiles/CMakeTmp/CheckSymbolExists.c
/home/a0500327/Documents/rtc-testbench/RTC-Testbench/build/CMakeFiles/CMakeTmp/CheckSymbolExists.c: In function ‘main’:
/home/a0500327/Documents/rtc-testbench/RTC-Testbench/build/CMakeFiles/CMakeTmp/CheckSymbolExists.c:8:19: error: ‘XDP_TXMD_FLAGS_LAUNCH_TIME’ undeclared (first use in this function)
    8 |   return ((int*)(&XDP_TXMD_FLAGS_LAUNCH_TIME))[argc];
      |                   ^~~~~~~~~~~~~~~~~~~~~~~~~~
/home/a0500327/Documents/rtc-testbench/RTC-Testbench/build/CMakeFiles/CMakeTmp/CheckSymbolExists.c:8:19: note: each undeclared identifier is reported only once for each function it appears in
gmake[1]: *** [CMakeFiles/cmTC_d697b.dir/build.make:78: CMakeFiles/cmTC_d697b.dir/CheckSymbolExists.c.o] Error 1
gmake[1]: Leaving directory '/home/a0500327/Documents/rtc-testbench/RTC-Testbench/build/CMakeFiles/CMakeTmp'
gmake: *** [Makefile:127: cmTC_d697b/fast] Error 2


File /home/a0500327/Documents/rtc-testbench/RTC-Testbench/build/CMakeFiles/CMakeTmp/CheckSymbolExists.c:
/* */
#include <linux/if_xdp.h>

int main(int argc, char** argv)
{
  (void)argv;
#ifndef XDP_TXMD_FLAGS_LAUNCH_TIME
  return ((int*)(&XDP_TXMD_FLAGS_LAUNCH_TIME))[argc];
#else
  (void)argc;
  return 0;
#endif
}
Determining if the XDP_TXMD_FLAGS_TIMESTAMP exist failed with the following output:
Change Dir: /home/a0500327/Documents/rtc-testbench/RTC-Testbench/build/CMakeFiles/CMakeTmp

Run Build Command(s):/usr/bin/gmake -f Makefile cmTC_cb95d/fast && /usr/bin/gmake  -f CMakeFiles/cmTC_cb95d.dir/build.make CMakeFiles/cmTC_cb95d.dir/build
gmake[1]: Entering directory '/home/a0500327/Documents/rtc-testbench/RTC-Testbench/build/CMakeFiles/CMakeTmp'
Building C object CMakeFiles/cmTC_cb95d.dir/CheckSymbolExists.c.o
/usr/bin/cc   -DBPF_F_XDP_DEV_BOUND_ONLY=0x40  -o CMakeFiles/cmTC_cb95d.dir/CheckSymbolExists.c.o -c /home/a0500327/Documents/rtc-testbench/RTC-Testbench/build/CMakeFiles/CMakeTmp/CheckSymbolExists.c
/home/a0500327/Documents/rtc-testbench/RTC-Testbench/build/CMakeFiles/CMakeTmp/CheckSymbolExists.c: In function ‘main’:
/home/a0500327/Documents/rtc-testbench/RTC-Testbench/build/CMakeFiles/CMakeTmp/CheckSymbolExists.c:8:19: error: ‘XDP_TXMD_FLAGS_TIMESTAMP’ undeclared (first use in this function)
    8 |   return ((int*)(&XDP_TXMD_FLAGS_TIMESTAMP))[argc];
      |                   ^~~~~~~~~~~~~~~~~~~~~~~~
/home/a0500327/Documents/rtc-testbench/RTC-Testbench/build/CMakeFiles/CMakeTmp/CheckSymbolExists.c:8:19: note: each undeclared identifier is reported only once for each function it appears in
gmake[1]: *** [CMakeFiles/cmTC_cb95d.dir/build.make:78: CMakeFiles/cmTC_cb95d.dir/CheckSymbolExists.c.o] Error 1
gmake[1]: Leaving directory '/home/a0500327/Documents/rtc-testbench/RTC-Testbench/build/CMakeFiles/CMakeTmp'
gmake: *** [Makefile:127: cmTC_cb95d/fast] Error 2


File /home/a0500327/Documents/rtc-testbench/RTC-Testbench/build/CMakeFiles/CMakeTmp/CheckSymbolExists.c:
/* */
#include <linux/if_xdp.h>

int main(int argc, char** argv)
{
  (void)argv;
#ifndef XDP_TXMD_FLAGS_TIMESTAMP
  return ((int*)(&XDP_TXMD_FLAGS_TIMESTAMP))[argc];
#else
  (void)argc;
  return 0;
#endif
}
Performing C SOURCE FILE Test HAVE_CMD_QUEUE_GET failed with the following output:
Change Dir: /home/a0500327/Documents/rtc-testbench/RTC-Testbench/build/CMakeFiles/CMakeTmp

Run Build Command(s):/usr/bin/gmake -f Makefile cmTC_53289/fast && /usr/bin/gmake  -f CMakeFiles/cmTC_53289.dir/build.make CMakeFiles/cmTC_53289.dir/build
gmake[1]: Entering directory '/home/a0500327/Documents/rtc-testbench/RTC-Testbench/build/CMakeFiles/CMakeTmp'
Building C object CMakeFiles/cmTC_53289.dir/src.c.o
/usr/bin/cc -DHAVE_CMD_QUEUE_GET  -DBPF_F_XDP_DEV_BOUND_ONLY=0x40  -o CMakeFiles/cmTC_53289.dir/src.c.o -c /home/a0500327/Documents/rtc-testbench/RTC-Testbench/build/CMakeFiles/CMakeTmp/src.c
/home/a0500327/Documents/rtc-testbench/RTC-Testbench/build/CMakeFiles/CMakeTmp/src.c:2:12: fatal error: linux/netdev.h: No such file or directory
    2 |   #include <linux/netdev.h>
      |            ^~~~~~~~~~~~~~~~
compilation terminated.
gmake[1]: *** [CMakeFiles/cmTC_53289.dir/build.make:78: CMakeFiles/cmTC_53289.dir/src.c.o] Error 1
gmake[1]: Leaving directory '/home/a0500327/Documents/rtc-testbench/RTC-Testbench/build/CMakeFiles/CMakeTmp'
gmake: *** [Makefile:127: cmTC_53289/fast] Error 2


Source file was:

  #include <linux/netdev.h>

  int main() {
    int i = NETDEV_CMD_QUEUE_GET;
    return 0;
  }
Performing C SOURCE FILE Test HAVE_CMD_NAPI_SET failed with the following output:
Change Dir: /home/a0500327/Documents/rtc-testbench/RTC-Testbench/build/CMakeFiles/CMakeTmp

Run Build Command(s):/usr/bin/gmake -f Makefile cmTC_0fb99/fast && /usr/bin/gmake  -f CMakeFiles/cmTC_0fb99.dir/build.make CMakeFiles/cmTC_0fb99.dir/build
gmake[1]: Entering directory '/home/a0500327/Documents/rtc-testbench/RTC-Testbench/build/CMakeFiles/CMakeTmp'
Building C object CMakeFiles/cmTC_0fb99.dir/src.c.o
/usr/bin/cc -DHAVE_CMD_NAPI_SET  -DBPF_F_XDP_DEV_BOUND_ONLY=0x40  -o CMakeFiles/cmTC_0fb99.dir/src.c.o -c /home/a0500327/Documents/rtc-testbench/RTC-Testbench/build/CMakeFiles/CMakeTmp/src.c
/home/a0500327/Documents/rtc-testbench/RTC-Testbench/build/CMakeFiles/CMakeTmp/src.c:2:12: fatal error: linux/netdev.h: No such file or directory
    2 |   #include <linux/netdev.h>
      |            ^~~~~~~~~~~~~~~~
compilation terminated.
gmake[1]: *** [CMakeFiles/cmTC_0fb99.dir/build.make:78: CMakeFiles/cmTC_0fb99.dir/src.c.o] Error 1
gmake[1]: Leaving directory '/home/a0500327/Documents/rtc-testbench/RTC-Testbench/build/CMakeFiles/CMakeTmp'
gmake: *** [Makefile:127: cmTC_0fb99/fast] Error 2


Source file was:

  #include <linux/netdev.h>

  int main() {
    int i = NETDEV_CMD_NAPI_SET;
    return 0;
  }
